Component: ARM Compiler 5.06 update 2 (build 183) Tool: armlink [4d35b7]

==============================================================================

Section Cross References

    main.o(i.ASRTask) refers to stm32f10x_usart.o(i.USART_ReceiveData) for USART_ReceiveData
    main.o(i.ASRTask) refers to asrpro.o(i.GETUART3) for GETUART3
    main.o(i.ASRTask) refers to systick.o(i.DelayNms) for DelayNms
    main.o(i.ASRTask) refers to usart3.o(.data) for Res
    main.o(i.AUTOTask) refers to _scanf_int.o(.text) for _scanf_int
    main.o(i.AUTOTask) refers to lcd.o(i.LCD_ShowChinese) for LCD_ShowChinese
    main.o(i.AUTOTask) refers to ultrasound.o(i.GetDistance) for GetDistance
    main.o(i.AUTOTask) refers to ultrasound1.o(i.GetDistance_1) for GetDistance_1
    main.o(i.AUTOTask) refers to dfltui.o(.text) for __aeabi_ui2d
    main.o(i.AUTOTask) refers to main.o(i.calculate_angle) for calculate_angle
    main.o(i.AUTOTask) refers to main.o(i.Server_180_Angle) for Server_180_Angle
    main.o(i.AUTOTask) refers to ds18b20.o(i.DS18B20_Get_Temp) for DS18B20_Get_Temp
    main.o(i.AUTOTask) refers to printf1.o(i.__0sprintf$1) for __2sprintf
    main.o(i.AUTOTask) refers to __0sscanf.o(.text) for __0sscanf
    main.o(i.AUTOTask) refers to main.o(i.TEMPCon) for TEMPCon
    main.o(i.AUTOTask) refers to systick.o(i.DelayNms) for DelayNms
    main.o(i.AUTOTask) refers to main.o(.data) for timer
    main.o(i.BLUETOOTHTask) refers to lcd.o(i.LCD_ShowChinese) for LCD_ShowChinese
    main.o(i.BLUETOOTHTask) refers to bthcon.o(i.BthConDis) for BthConDis
    main.o(i.BLUETOOTHTask) refers to bthcon.o(i.BthConAng) for BthConAng
    main.o(i.BLUETOOTHTask) refers to main.o(.data) for Serial_RxData
    main.o(i.InitHardware) refers to system_stm32f10x.o(i.SystemInit) for SystemInit
    main.o(i.InitHardware) refers to rcc.o(i.InitRCC) for InitRCC
    main.o(i.InitHardware) refers to nvic.o(i.InitNVIC) for InitNVIC
    main.o(i.InitHardware) refers to led.o(i.InitLED) for InitLED
    main.o(i.InitHardware) refers to systick.o(i.InitSysTick) for InitSysTick
    main.o(i.InitHardware) refers to server.o(i.TIM8_PWM_Init) for TIM8_PWM_Init
    main.o(i.InitHardware) refers to encoder.o(i.Encoder_Init) for Encoder_Init
    main.o(i.InitHardware) refers to main.o(i.LED_Init) for LED_Init
    main.o(i.InitHardware) refers to lcd_init.o(i.LCD_Init) for LCD_Init
    main.o(i.InitHardware) refers to exti.o(i.InitEXTI) for InitEXTI
    main.o(i.InitHardware) refers to pwm.o(i.InitMotor) for InitMotor
    main.o(i.InitHardware) refers to ds18b20.o(i.DS18B20_Init) for DS18B20_Init
    main.o(i.InitHardware) refers to usart3.o(i.USART3_Config) for USART3_Config
    main.o(i.InitHardware) refers to hc05.o(i.HC05_Init) for HC05_Init
    main.o(i.InitSoftware) refers to timer.o(i.InitTimer) for InitTimer
    main.o(i.InitSoftware) refers to ultrasound.o(i.InitUltraSound) for InitUltraSound
    main.o(i.InitSoftware) refers to ultrasound1.o(i.InitUltraSound1) for InitUltraSound1
    main.o(i.LED_Init) refers to stm32f10x_rcc.o(i.RCC_APB2PeriphClockCmd) for RCC_APB2PeriphClockCmd
    main.o(i.LED_Init) refers to stm32f10x_gpio.o(i.GPIO_PinRemapConfig) for GPIO_PinRemapConfig
    main.o(i.LED_Init) refers to stm32f10x_gpio.o(i.GPIO_Init) for GPIO_Init
    main.o(i.LED_Init) refers to stm32f10x_gpio.o(i.GPIO_SetBits) for GPIO_SetBits
    main.o(i.MANUALTask) refers to lcd.o(i.LCD_ShowChinese) for LCD_ShowChinese
    main.o(i.MANUALTask) refers to server.o(i.Encon) for Encon
    main.o(i.MANUALTask) refers to systick.o(i.DelayNms) for DelayNms
    main.o(i.Server_180_Angle) refers to stm32f10x_tim.o(i.TIM_SetCompare1) for TIM_SetCompare1
    main.o(i.TEMPCon) refers to pwm.o(i.Set_PWM_Duty) for Set_PWM_Duty
    main.o(i.TEMPCon) refers to pwm.o(i.Fan_Forward) for Fan_Forward
    main.o(i.TEMPCon) refers to tftcon.o(i.TFT_auto) for TFT_auto
    main.o(i.TEMPTask) refers to timer.o(i.Get1SecFlag) for Get1SecFlag
    main.o(i.TEMPTask) refers to tftcon.o(i.TempControl) for TempControl
    main.o(i.TEMPTask) refers to timer.o(i.Clr1SecFlag) for Clr1SecFlag
    main.o(i.calculate_angle) refers to dmul.o(.text) for __aeabi_dmul
    main.o(i.calculate_angle) refers to dadd.o(.text) for __aeabi_dadd
    main.o(i.calculate_angle) refers to sqrt.o(i.sqrt) for sqrt
    main.o(i.calculate_angle) refers to ddiv.o(.text) for __aeabi_ddiv
    main.o(i.calculate_angle) refers to asin.o(i.asin) for asin
    main.o(i.calculate_angle) refers to dfixui.o(.text) for __aeabi_d2uiz
    main.o(i.main) refers to main.o(i.InitSoftware) for InitSoftware
    main.o(i.main) refers to main.o(i.InitHardware) for InitHardware
    main.o(i.main) refers to lcd.o(i.LCD_Fill) for LCD_Fill
    main.o(i.main) refers to tftcon.o(i.ConfigTFTCon) for ConfigTFTCon
    main.o(i.main) refers to main.o(i.TEMPTask) for TEMPTask
    main.o(i.main) refers to ultrasound1.o(i.ReaduFlag) for ReaduFlag
[...]
    BLUETOOTHTask                            0x08000ea5   Thumb Code    82  main.o(i.BLUETOOTHTask)
    i.BthConAng                              0x08000f04   Section        0  bthcon.o(i.BthConAng)
    i.BthConDis                              0x08000f78   Section        0  bthcon.o(i.BthConDis)
    i.BusFault_Handler                       0x08000fa0   Section        0  stm32f10x_it.o(i.BusFault_Handler)
    i.Clr1SecFlag                            0x08000fa4   Section        0  timer.o(i.Clr1SecFlag)
    i.ConfigEXTI                             0x08000fb0   Section        0  exti.o(i.ConfigEXTI)
    ConfigEXTI                               0x08000fb1   Thumb Code   208  exti.o(i.ConfigEXTI)
    i.ConfigEXTIGPIO                         0x08001080   Section        0  exti.o(i.ConfigEXTIGPIO)
    ConfigEXTIGPIO                           0x08001081   Thumb Code    84  exti.o(i.ConfigEXTIGPIO)
    i.ConfigLEDGPIO                          0x080010dc   Section        0  led.o(i.ConfigLEDGPIO)
    ConfigLEDGPIO                            0x080010dd   Thumb Code    84  led.o(i.ConfigLEDGPIO)
    i.ConfigNVIC                             0x08001134   Section        0  nvic.o(i.ConfigNVIC)
    ConfigNVIC                               0x08001135   Thumb Code    12  nvic.o(i.ConfigNVIC)
    i.ConfigRCC                              0x08001140   Section        0  rcc.o(i.ConfigRCC)
    ConfigRCC                                0x08001141   Thumb Code   100  rcc.o(i.ConfigRCC)
    i.ConfigTFTCon                           0x080011a4   Section        0  tftcon.o(i.ConfigTFTCon)
    i.ConfigTimer2                           0x0800129c   Section        0  timer.o(i.ConfigTimer2)
    ConfigTimer2                             0x0800129d   Thumb Code    92  timer.o(i.ConfigTimer2)
    i.ConfigTimer3                           0x080012f8   Section        0  timer.o(i.ConfigTimer3)
    ConfigTimer3                             0x080012f9   Thumb Code   130  timer.o(i.ConfigTimer3)
    i.ConfigTimer5                           0x08001380   Section        0  timer.o(i.ConfigTimer5)
    ConfigTimer5                             0x08001381   Thumb Code    90  timer.o(i.ConfigTimer5)
    i.ConfigUltraSoundGPIO                   0x080013e0   Section        0  ultrasound.o(i.ConfigUltraSoundGPIO)
    ConfigUltraSoundGPIO                     0x080013e1   Thumb Code    64  ultrasound.o(i.ConfigUltraSoundGPIO)
    i.ConfigUltraSoundGPIO                   0x08001424   Section        0  ultrasound1.o(i.ConfigUltraSoundGPIO)
    ConfigUltraSoundGPIO                     0x08001425   Thumb Code   130  ultrasound1.o(i.ConfigUltraSoundGPIO)
    i.DS18B20_Check                          0x080014ac   Section        0  ds18b20.o(i.DS18B20_Check)
    i.DS18B20_Get_Temp                       0x08001508   Section        0  ds18b20.o(i.DS18B20_Get_Temp)
    i.DS18B20_Init                           0x08001594   Section        0  ds18b20.o(i.DS18B20_Init)
    i.DS18B20_Mode                           0x080015d4   Section        0  ds18b20.o(i.DS18B20_Mode)
    i.DS18B20_Read_Bit                       0x08001614   Section        0  ds18b20.o(i.DS18B20_Read_Bit)
    i.DS18B20_Read_Byte                      0x08001664   Section        0  ds18b20.o(i.DS18B20_Read_Byte)
    i.DS18B20_Rst                            0x08001688   Section        0  ds18b20.o(i.DS18B20_Rst)
    i.DS18B20_Start                          0x080016b8   Section        0  ds18b20.o(i.DS18B20_Start)
    i.DS18B20_Write_Byte                     0x080016d8   Section        0  ds18b20.o(i.DS18B20_Write_Byte)
    i.DebugMon_Handler                       0x08001740   Section        0  stm32f10x_it.o(i.DebugMon_Handler)
    i.DecPWMDutyCycle                        0x08001744   Section        0  pwm.o(i.DecPWMDutyCycle)
    i.DelayNms                               0x0800178c   Section        0  systick.o(i.DelayNms)
    i.DelayNus                               0x080017a4   Section        0  systick.o(i.DelayNus)
    i.EXTI0_IRQHandler                       0x080017c0   Section        0  ultrasound1.o(i.EXTI0_IRQHandler)
    i.EXTI2_IRQHandler                       0x080017e8   Section        0  encoder.o(i.EXTI2_IRQHandler)
    i.EXTI3_IRQHandler                       0x08001824   Section        0  encoder.o(i.EXTI3_IRQHandler)
    i.EXTI9_5_IRQHandler                     0x08001860   Section        0  ultrasound1.o(i.EXTI9_5_IRQHandler)
    i.EXTI_ClearITPendingBit                 0x08001914   Section        0  stm32f10x_exti.o(i.EXTI_ClearITPendingBit)
    i.EXTI_GetITStatus                       0x08001920   Section        0  stm32f10x_exti.o(i.EXTI_GetITStatus)
    i.EXTI_Init                              0x08001948   Section        0  stm32f10x_exti.o(i.EXTI_Init)
    i.Encoder_Get                            0x080019dc   Section        0  encoder.o(i.Encoder_Get)
    i.Encoder_Init                           0x080019f0   Section        0  encoder.o(i.Encoder_Init)
    i.Encon                                  0x08001a88   Section        0  server.o(i.Encon)
    i.Encon1                                 0x08001ad0   Section        0  server.o(i.Encon1)
    i.EndPWMDutyCycle                        0x08001ae8   Section        0  pwm.o(i.EndPWMDutyCycle)
    i.FLASH_PrefetchBufferCmd                0x08001b08   Section        0  stm32f10x_flash.o(i.FLASH_PrefetchBufferCmd)
    i.FLASH_SetLatency                       0x08001b24   Section        0  stm32f10x_flash.o(i.FLASH_SetLatency)
    i.Fan_Forward                            0x08001b3c   Section        0  pwm.o(i.Fan_Forward)
    i.Fan_Stop                               0x08001b54   Section        0  pwm.o(i.Fan_Stop)
    i.GETUART3                               0x08001b6c   Section        0  asrpro.o(i.GETUART3)
    i.GPIO_EXTILineConfig                    0x08001c4c   Section        0  stm32f10x_gpio.o(i.GPIO_EXTILineConfig)
    i.GPIO_Init                              0x08001c8c   Section        0  stm32f10x_gpio.o(i.GPIO_Init)
    i.GPIO_PinRemapConfig                    0x08001da4   Section        0  stm32f10x_gpio.o(i.GPIO_PinRemapConfig)
    i.GPIO_ReadInputDataBit                  0x08001e34   Section        0  stm32f10x_gpio.o(i.GPIO_ReadInputDataBit)
    i.GPIO_ResetBits                         0x08001e46   Section        0  stm32f10x_gpio.o(i.GPIO_ResetBits)
    i.GPIO_SetBits                           0x08001e4a   Section        0  stm32f10x_gpio.o(i.GPIO_SetBits)
    i.GPIO_WriteBit                          0x08001e4e   Section        0  stm32f10x_gpio.o(i.GPIO_WriteBit)
    i.Get1SecFlag                            0x08001e58   Section        0  timer.o(i.Get1SecFlag)
    i.GetDistance                            0x08001e64   Section        0  ultrasound.o(i.GetDistance)
    i.GetDistance_1                          0x08001ea4   Section        0  ultrasound1.o(i.GetDistance_1)
    i.HC05_Init                              0x08001f18   Section        0  hc05.o(i.HC05_Init)
    i.HardFault_Handler                      0x08001f48   Section        0  stm32f10x_it.o(i.HardFault_Handler)
    i.IncPWMDutyCycle                        0x08001f4c   Section        0  pwm.o(i.IncPWMDutyCycle)
    i.InitEXTI                               0x08001f94   Section        0  exti.o(i.InitEXTI)
    i.InitHardware                           0x08001fa0   Section        0  main.o(i.InitHardware)
    InitHardware                             0x08001fa1   Thumb Code    60  main.o(i.InitHardware)
    i.InitLED                                0x08001fdc   Section        0  led.o(i.InitLED)
    i.InitMotor                              0x08001fe4   Section        0  pwm.o(i.InitMotor)
    i.InitNVIC                               0x08002014   Section        0  nvic.o(i.InitNVIC)
    i.InitRCC                                0x0800201c   Section        0  rcc.o(i.InitRCC)
    i.InitSoftware                           0x08002024   Section        0  main.o(i.InitSoftware)
    InitSoftware                             0x08002025   Thumb Code    16  main.o(i.InitSoftware)
    i.InitSysTick                            0x08002034   Section        0  systick.o(i.InitSysTick)
    i.InitTimer                              0x0800209c   Section        0  timer.o(i.InitTimer)
    i.InitUltraSound                         0x080020bc   Section        0  ultrasound.o(i.InitUltraSound)
    i.InitUltraSound1                        0x080020e8   Section        0  ultrasound1.o(i.InitUltraSound1)
    i.LCD_Address_Set                        0x080020f0   Section        0  lcd_init.o(i.LCD_Address_Set)
    i.LCD_DrawPoint                          0x08002132   Section        0  lcd.o(i.LCD_DrawPoint)
    i.LCD_Fill                               0x0800214e   Section        0  lcd.o(i.LCD_Fill)
    i.LCD_GPIO_Init                          0x08002198   Section        0  lcd_init.o(i.LCD_GPIO_Init)
    i.LCD_Init                               0x080021d0   Section        0  lcd_init.o(i.LCD_Init)
    i.LCD_ShowChar                           0x080023cc   Section        0  lcd.o(i.LCD_ShowChar)
    i.LCD_ShowChinese                        0x080024c0   Section        0  lcd.o(i.LCD_ShowChinese)
    i.LCD_ShowChinese16x16                   0x08002534   Section        0  lcd.o(i.LCD_ShowChinese16x16)
    i.LCD_ShowChinese24x24                   0x08002638   Section        0  lcd.o(i.LCD_ShowChinese24x24)
    i.LCD_ShowChinese32x32                   0x0800274c   Section        0  lcd.o(i.LCD_ShowChinese32x32)
    i.LCD_ShowIntNum                         0x08002850   Section        0  lcd.o(i.LCD_ShowIntNum)
    i.LCD_ShowPicture                        0x080028e6   Section        0  lcd.o(i.LCD_ShowPicture)
    i.LCD_WR_DATA                            0x0800294e   Section        0  lcd_init.o(i.LCD_WR_DATA)
    i.LCD_WR_DATA8                           0x08002960   Section        0  lcd_init.o(i.LCD_WR_DATA8)
    i.LCD_WR_REG                             0x0800296c   Section        0  lcd_init.o(i.LCD_WR_REG)
    i.LCD_Writ_Bus                           0x0800298c   Section        0  lcd_init.o(i.LCD_Writ_Bus)
    i.LED_Init                               0x080029e4   Section        0  main.o(i.LED_Init)
    i.MANUALTask                             0x08002a28   Section        0  main.o(i.MANUALTask)
    MANUALTask                               0x08002a29   Thumb Code    40  main.o(i.MANUALTask)
    i.MeasureDistance                        0x08002a58   Section        0  ultrasound.o(i.MeasureDistance)
    i.MemManage_Handler                      0x08002a78   Section        0  stm32f10x_it.o(i.MemManage_Handler)
    i.NMI_Handler                            0x08002a7c   Section        0  stm32f10x_it.o(i.NMI_Handler)
    i.NVIC_Init                              0x08002a80   Section        0  misc.o(i.NVIC_Init)
    i.NVIC_PriorityGroupConfig               0x08002af0   Section        0  misc.o(i.NVIC_PriorityGroupConfig)
    i.NumPrint                               0x08002b04   Section        0  tftcon.o(i.NumPrint)
    NumPrint                                 0x08002b05   Thumb Code    44  tftcon.o(i.NumPrint)
    i.PWM_Init                               0x08002b34   Section        0  pwm.o(i.PWM_Init)
    PWM_Init                                 0x08002b35   Thumb Code   172  pwm.o(i.PWM_Init)
    i.PendSV_Handler                         0x08002be8   Section        0  stm32f10x_it.o(i.PendSV_Handler)
    i.RCC_APB1PeriphClockCmd                 0x08002bec   Section        0  stm32f10x_rcc.o(i.RCC_APB1PeriphClockCmd)
    i.RCC_APB1PeriphResetCmd                 0x08002c0c   Section        0  stm32f10x_rcc.o(i.RCC_APB1PeriphResetCmd)
    i.RCC_APB2PeriphClockCmd                 0x08002c2c   Section        0  stm32f10x_rcc.o(i.RCC_APB2PeriphClockCmd)
    i.RCC_APB2PeriphResetCmd                 0x08002c4c   Section        0  stm32f10x_rcc.o(i.RCC_APB2PeriphResetCmd)
    i.RCC_DeInit                             0x08002c6c   Section        0  stm32f10x_rcc.o(i.RCC_DeInit)
    i.RCC_GetClocksFreq                      0x08002cb8   Section        0  stm32f10x_rcc.o(i.RCC_GetClocksFreq)
    i.RCC_GetFlagStatus                      0x08002d8c   Section        0  stm32f10x_rcc.o(i.RCC_GetFlagStatus)
    i.RCC_GetSYSCLKSource                    0x08002dc8   Section        0  stm32f10x_rcc.o(i.RCC_GetSYSCLKSource)
    i.RCC_HCLKConfig                         0x08002dd8   Section        0  stm32f10x_rcc.o(i.RCC_HCLKConfig)
    i.RCC_HSEConfig                          0x08002df0   Section        0  stm32f10x_rcc.o(i.RCC_HSEConfig)
    i.RCC_PCLK1Config                        0x08002e3c   Section        0  stm32f10x_rcc.o(i.RCC_PCLK1Config)
    i.RCC_PCLK2Config                        0x08002e54   Section        0  stm32f10x_rcc.o(i.RCC_PCLK2Config)
    i.RCC_PLLCmd                             0x08002e6c   Section        0  stm32f10x_rcc.o(i.RCC_PLLCmd)
    i.RCC_PLLConfig                          0x08002e78   Section        0  stm32f10x_rcc.o(i.RCC_PLLConfig)
    i.RCC_SYSCLKConfig                       0x08002e94   Section        0  stm32f10x_rcc.o(i.RCC_SYSCLKConfig)
    i.RCC_WaitForHSEStartUp                  0x08002eac   Section        0  stm32f10x_rcc.o(i.RCC_WaitForHSEStartUp)
    i.ReaduFlag                              0x08002ee4   Section        0  ultrasound1.o(i.ReaduFlag)
    i.SVC_Handler                            0x08002ef0   Section        0  stm32f10x_it.o(i.SVC_Handler)
    i.Serial_Init                            0x08002ef4   Section        0  serial.o(i.Serial_Init)
    i.Serial_SendByte                        0x08002fac   Section        0  serial.o(i.Serial_SendByte)
    i.Serial_SendString                      0x08002fcc   Section        0  serial.o(i.Serial_SendString)
    i.Server_180_Angle                       0x08002fe8   Section        0  main.o(i.Server_180_Angle)
    Server_180_Angle                         0x08002fe9   Thumb Code    14  main.o(i.Server_180_Angle)
    i.SetSysClock                            0x08002ffc   Section        0  system_stm32f10x.o(i.SetSysClock)
    SetSysClock                              0x08002ffd   Thumb Code     8  system_stm32f10x.o(i.SetSysClock)
    i.SetSysClockTo72                        0x08003004   Section        0  system_stm32f10x.o(i.SetSysClockTo72)
    SetSysClockTo72                          0x08003005   Thumb Code   214  system_stm32f10x.o(i.SetSysClockTo72)
    i.Set_PWM_Duty                           0x080030e4   Section        0  pwm.o(i.Set_PWM_Duty)
    i.SysTick_Handler                        0x080030f8   Section        0  systick.o(i.SysTick_Handler)
    i.SystemInit                             0x08003100   Section        0  system_stm32f10x.o(i.SystemInit)
    i.TEMPCon                                0x08003160   Section        0  main.o(i.TEMPCon)
    TEMPCon                                  0x08003161   Thumb Code   152  main.o(i.TEMPCon)
    i.TEMPTask                               0x080031f8   Section        0  main.o(i.TEMPTask)
    TEMPTask                                 0x080031f9   Thumb Code    18  main.o(i.TEMPTask)
    i.TFT_ASR                                0x0800320c   Section        0  tftcon.o(i.TFT_ASR)
    i.TFT_MANUAL                             0x080033fc   Section        0  tftcon.o(i.TFT_MANUAL)
    i.TFT_auto                               0x08003568   Section        0  tftcon.o(i.TFT_auto)
    i.TI1_Config                             0x080036d4   Section        0  stm32f10x_tim.o(i.TI1_Config)
    TI1_Config                               0x080036d5   Thumb Code   108  stm32f10x_tim.o(i.TI1_Config)
    i.TI2_Config                             0x08003754   Section        0  stm32f10x_tim.o(i.TI2_Config)
    TI2_Config                               0x08003755   Thumb Code   130  stm32f10x_tim.o(i.TI2_Config)
    i.TI3_Config                             0x080037ec   Section        0  stm32f10x_tim.o(i.TI3_Config)
    TI3_Config                               0x080037ed   Thumb Code   122  stm32f10x_tim.o(i.TI3_Config)
    i.TI4_Config                             0x0800387c   Section        0  stm32f10x_tim.o(i.TI4_Config)
    TI4_Config                               0x0800387d   Thumb Code   130  stm32f10x_tim.o(i.TI4_Config)
    i.TIM2_IRQHandler                        0x08003914   Section        0  ultrasound1.o(i.TIM2_IRQHandler)
    i.TIM3_IRQHandler                        0x0800393c   Section        0  ultrasound.o(i.TIM3_IRQHandler)
    i.TIM5_IRQHandler                        0x08003a98   Section        0  timer.o(i.TIM5_IRQHandler)
    i.TIM8_PWM_Init                          0x08003ae0   Section        0  server.o(i.TIM8_PWM_Init)
    i.TIM_ClearITPendingBit                  0x08003b98   Section        0  stm32f10x_tim.o(i.TIM_ClearITPendingBit)
    i.TIM_Cmd                                0x08003b9e   Section        0  stm32f10x_tim.o(i.TIM_Cmd)
    i.TIM_CtrlPWMOutputs                     0x08003bb6   Section        0  stm32f10x_tim.o(i.TIM_CtrlPWMOutputs)
    i.TIM_GetCapture3                        0x08003bd4   Section        0  stm32f10x_tim.o(i.TIM_GetCapture3)
    i.TIM_GetCounter                         0x08003bda   Section        0  stm32f10x_tim.o(i.TIM_GetCounter)
    i.TIM_GetITStatus                        0x08003be0   Section        0  stm32f10x_tim.o(i.TIM_GetITStatus)
    i.TIM_ICInit                             0x08003c04   Section        0  stm32f10x_tim.o(i.TIM_ICInit)
    i.TIM_ITConfig                           0x08003cb0   Section        0  stm32f10x_tim.o(i.TIM_ITConfig)
    i.TIM_InternalClockConfig                0x08003cc2   Section        0  stm32f10x_tim.o(i.TIM_InternalClockConfig)
    i.TIM_OC1Init                            0x08003cd0   Section        0  stm32f10x_tim.o(i.TIM_OC1Init)
    i.TIM_OC1PreloadConfig                   0x08003d68   Section        0  stm32f10x_tim.o(i.TIM_OC1PreloadConfig)
    i.TIM_OC2Init                            0x08003d7c   Section        0  stm32f10x_tim.o(i.TIM_OC2Init)
    i.TIM_OC3PolarityConfig                  0x08003e20   Section        0  stm32f10x_tim.o(i.TIM_OC3PolarityConfig)
    i.TIM_OCStructInit                       0x08003e3a   Section        0  stm32f10x_tim.o(i.TIM_OCStructInit)
    i.TIM_SetCompare1                        0x08003e4e   Section        0  stm32f10x_tim.o(i.TIM_SetCompare1)
    i.TIM_SetCompare2                        0x08003e52   Section        0  stm32f10x_tim.o(i.TIM_SetCompare2)
    i.TIM_SetCounter                         0x08003e56   Section        0  stm32f10x_tim.o(i.TIM_SetCounter)
    i.TIM_SetIC1Prescaler                    0x08003e5a   Section        0  stm32f10x_tim.o(i.TIM_SetIC1Prescaler)
    i.TIM_SetIC2Prescaler                    0x08003e6c   Section        0  stm32f10x_tim.o(i.TIM_SetIC2Prescaler)
    i.TIM_SetIC3Prescaler                    0x08003e86   Section        0  stm32f10x_tim.o(i.TIM_SetIC3Prescaler)
    i.TIM_SetIC4Prescaler                    0x08003e98   Section        0  stm32f10x_tim.o(i.TIM_SetIC4Prescaler)
    i.TIM_TimeBaseInit                       0x08003eb4   Section        0  stm32f10x_tim.o(i.TIM_TimeBaseInit)
    i.TempControl                            0x08003f58   Section        0  tftcon.o(i.TempControl)
    i.TimDelayDec                            0x08003fb4   Section        0  systick.o(i.TimDelayDec)
    TimDelayDec                              0x08003fb5   Thumb Code    18  systick.o(i.TimDelayDec)
    i.USART1_IRQHandler                      0x08003fcc   Section        0  serial.o(i.USART1_IRQHandler)
    i.USART3_Config                          0x08004004   Section        0  usart3.o(i.USART3_Config)
    i.USART3_IRQHandler                      0x080040b4   Section        0  usart3.o(i.USART3_IRQHandler)
    i.USART_ClearITPendingBit                0x080040d8   Section        0  stm32f10x_usart.o(i.USART_ClearITPendingBit)
    i.USART_Cmd                              0x080040f6   Section        0  stm32f10x_usart.o(i.USART_Cmd)
    i.USART_DeInit                           0x08004110   Section        0  stm32f10x_usart.o(i.USART_DeInit)
    i.USART_GetFlagStatus                    0x080041ac   Section        0  stm32f10x_usart.o(i.USART_GetFlagStatus)
    i.USART_GetITStatus                      0x080041c6   Section        0  stm32f10x_usart.o(i.USART_GetITStatus)
    i.USART_ITConfig                         0x0800421a   Section        0  stm32f10x_usart.o(i.USART_ITConfig)
    i.USART_Init                             0x08004264   Section        0  stm32f10x_usart.o(i.USART_Init)
    i.USART_ReceiveData                      0x0800433c   Section        0  stm32f10x_usart.o(i.USART_ReceiveData)
    i.USART_SendData                         0x08004346   Section        0  stm32f10x_usart.o(i.USART_SendData)
    i.UsageFault_Handler                     0x0800434e   Section        0  stm32f10x_it.o(i.UsageFault_Handler)
    i.__0sprintf$1                           0x08004354   Section        0  printf1.o(i.__0sprintf$1)
    i.__ARM_fpclassify                       0x0800437c   Section        0  fpclassify.o(i.__ARM_fpclassify)
    i.__kernel_poly                          0x080043a4   Section        0  poly.o(i.__kernel_poly)
    i.__mathlib_dbl_infnan                   0x0800444e   Section        0  dunder.o(i.__mathlib_dbl_infnan)
    i.__mathlib_dbl_invalid                  0x08004454   Section        0  dunder.o(i.__mathlib_dbl_invalid)
    i.__mathlib_dbl_underflow                0x08004460   Section        0  dunder.o(i.__mathlib_dbl_underflow)
    i.__scatterload_copy                     0x08004470   Section       14  handlers.o(i.__scatterload_copy)
    i.__scatterload_null                     0x0800447e   Section        2  handlers.o(i.__scatterload_null)
    i.__scatterload_zeroinit                 0x08004480   Section       14  handlers.o(i.__scatterload_zeroinit)
    i.__set_errno                            0x08004490   Section        0  errno.o(i.__set_errno)
    i._printf_core                           0x0800449c   Section        0  printf1.o(i._printf_core)
    _printf_core                             0x0800449d   Thumb Code   336  printf1.o(i._printf_core)
    i._sputc                                 0x080045f0   Section        0  printf1.o(i._sputc)
    _sputc                                   0x080045f1   Thumb Code    10  printf1.o(i._sputc)
    i.asin                                   0x080045fc   Section        0  asin.o(i.asin)
    i.calculate_angle                        0x0800486c   Section        0  main.o(i.calculate_angle)
    calculate_angle                          0x0800486d   Thumb Code   302  main.o(i.calculate_angle)
    i.main                                   0x080049b4   Section        0  main.o(i.main)
    i.mypow                                  0x08004a30   Section        0  lcd.o(i.mypow)
    i.sqrt                                   0x08004a46   Section        0  sqrt.o(i.sqrt)
    .constdata                               0x08004a92   Section    15244  lcd.o(.constdata)
    .constdata                               0x08008620   Section    45064  tftcon.o(.constdata)
    .constdata                               0x08013628   Section       80  asin.o(.constdata)
    pS                                       0x08013628   Data          48  asin.o(.constdata)
    qS                                       0x08013658   Data          32  asin.o(.constdata)
    .constdata                               0x08013678   Section       64  ctype_c.o(.constdata)
    .data                                    0x20000000   Section       24  main.o(.data)
    .data                                    0x20000018   Section        4  timer.o(.data)
    s_i1secFlag                              0x20000018   Data           1  timer.o(.data)
    s_iCnt1000                               0x2000001a   Data           2  timer.o(.data)
    .data                                    0x2000001c   Section        9  ultrasound.o(.data)
    s_structDistanceProc                     0x2000001c   Data           4  ultrasound.o(.data)
    distance                                 0x20000020   Data           4  ultrasound.o(.data)
    i_flag                                   0x20000024   Data           1  ultrasound.o(.data)
    .data                                    0x20000028   Section        4  server.o(.data)
    Angle                                    0x20000028   Data           4  server.o(.data)
    .data                                    0x2000002c   Section       14  ultrasound1.o(.data)
    flag                                     0x2000002c   Data           1  ultrasound1.o(.data)
    number                                   0x20000030   Data           4  ultrasound1.o(.data)
    times                                    0x20000034   Data           4  ultrasound1.o(.data)
    i_flag                                   0x20000038   Data           1  ultrasound1.o(.data)
    uflag                                    0x20000039   Data           1  ultrasound1.o(.data)
    .data                                    0x2000003a   Section        2  encoder.o(.data)
    .data                                    0x2000003c   Section       14  pwm.o(.data)
    .data                                    0x2000004a   Section        1  usart3.o(.data)
    .data                                    0x2000004b   Section        1  serial.o(.data)
    .data                                    0x2000004c   Section       20  stm32f10x_rcc.o(.data)
    APBAHBPrescTable                         0x2000004c   Data          16  stm32f10x_rcc.o(.data)
    ADCPrescTable                            0x2000005c   Data           4  stm32f10x_rcc.o(.data)
    .data                                    0x20000060   Section        4  systick.o(.data)
    s_iTimDelayCnt                           0x20000060   Data           4  systick.o(.data)
    .data                                    0x20000064   Section       20  system_stm32f10x.o(.data)
    .data                                    0x20000078   Section        4  errno.o(.data)
    _errno                                   0x20000078   Data           4  errno.o(.data)
    STACK                                    0x20000080   Section     1024  startup_stm32f10x_hd.o(STACK)

    Global Symbols

    Symbol Name                              Value     Ov Type        Size  Object(Section)

    BuildAttributes$$THM_ISAv4$P$D$K$B$S$PE$A:L22UL41UL21$X:L11$S22US41US21$IEEE1$IW$USESV6$~STKCKD$USESV7$~SHL$OTIME$ROPI$IEEEX$EBA8$MICROLIB$REQ8$PRES8$EABIv2 0x00000000   Number         0  anon$$obj.o ABSOLUTE
    __ARM_use_no_argv                        0x00000000   Number         0  main.o ABSOLUTE
    _printf_a                                0x00000000   Number         0  stubs.o ABSOLUTE
    _printf_c                                0x00000000   Number         0  stubs.o ABSOLUTE
    _printf_charcount                        0x00000000   Number         0  stubs.o ABSOLUTE
    _printf_d                                0x00000000   Number         0  stubs.o ABSOLUTE
    _printf_e                                0x00000000   Number         0  stubs.o ABSOLUTE
    _printf_f                                0x00000000   Number         0  stubs.o ABSOLUTE
    _printf_flags                            0x00000000   Number         0  stubs.o ABSOLUTE
    _printf_fp_dec                           0x00000000   Number         0  stubs.o ABSOLUTE
    _printf_fp_hex                           0x00000000   Number         0  stubs.o ABSOLUTE
    _printf_g                                0x00000000   Number         0  stubs.o ABSOLUTE
    _printf_i                                0x00000000   Number         0  stubs.o ABSOLUTE
    _printf_int_dec                          0x00000000   Number         0  stubs.o ABSOLUTE
    _printf_l                                0x00000000   Number         0  stubs.o ABSOLUTE
    _printf_lc                               0x00000000   Number         0  stubs.o ABSOLUTE
    _printf_ll                               0x00000000   Number         0  stubs.o ABSOLUTE
    _printf_lld                              0x00000000   Number         0  stubs.o ABSOLUTE
    _printf_lli                              0x00000000   Number         0  stubs.o ABSOLUTE
    _printf_llo                              0x00000000   Number         0  stubs.o ABSOLUTE
    _printf_llu                              0x00000000   Number         0  stubs.o ABSOLUTE
    _printf_llx                              0x00000000   Number         0  stubs.o ABSOLUTE
    _printf_longlong_dec                     0x00000000   Number         0  stubs.o ABSOLUTE
    _printf_longlong_hex                     0x00000000   Number         0  stubs.o ABSOLUTE
    _printf_longlong_oct                     0x00000000   Number         0  stubs.o ABSOLUTE
    _printf_ls                               0x00000000   Number         0  stubs.o ABSOLUTE
    _printf_mbtowc                           0x00000000   Number         0  stubs.o ABSOLUTE
    _printf_n                                0x00000000   Number         0  stubs.o ABSOLUTE
    _printf_o                                0x00000000   Number         0  stubs.o ABSOLUTE
    _printf_p                                0x00000000   Number         0  stubs.o ABSOLUTE
    _printf_percent                          0x00000000   Number         0  stubs.o ABSOLUTE
    _printf_pre_padding                      0x00000000   Number         0  stubs.o ABSOLUTE
    _printf_return_value                     0x00000000   Number         0  stubs.o ABSOLUTE
    _printf_s                                0x00000000   Number         0  stubs.o ABSOLUTE
    _printf_sizespec                         0x00000000   Number         0  stubs.o ABSOLUTE
    _printf_str                              0x00000000   Number         0  stubs.o ABSOLUTE
    _printf_truncate_signed                  0x00000000   Number         0  stubs.o ABSOLUTE
    _printf_truncate_unsigned                0x00000000   Number         0  stubs.o ABSOLUTE
    _printf_u                                0x00000000   Number         0  stubs.o ABSOLUTE
    _printf_wc                               0x00000000   Number         0  stubs.o ABSOLUTE
    _printf_wctomb                           0x00000000   Number         0  stubs.o ABSOLUTE
    _printf_widthprec                        0x00000000   Number         0  stubs.o ABSOLUTE
    _printf_x                                0x00000000   Number         0  stubs.o ABSOLUTE
    __cpp_initialize__aeabi_                  - Undefined Weak Reference
    __cxa_finalize                            - Undefined Weak Reference
    __decompress                              - Undefined Weak Reference
    _clock_init                               - Undefined Weak Reference
    _microlib_exit                            - Undefined Weak Reference
    _scanf_longlong                           - Undefined Weak Reference
    _scanf_real                               - Undefined Weak Reference
    _scanf_string                             - Undefined Weak Reference
    __Vectors_Size                           0x00000130   Number         0  startup_stm32f10x_hd.o ABSOLUTE
    __Vectors                                0x08000000   Data           4  startup_stm32f10x_hd.o(RESET)
    __Vectors_End                            0x08000130   Data           0  startup_stm32f10x_hd.o(RESET)
    __main                                   0x08000131   Thumb Code     0  entry.o(.ARM.Collect$$$$00000000)
    _main_stk                                0x08000131   Thumb Code     0  entry2.o(.ARM.Collect$$$$00000001)
    _main_scatterload                        0x08000135   Thumb Code     0  entry5.o(.ARM.Collect$$$$00000004)
    __main_after_scatterload                 0x08000139   Thumb Code     0  entry5.o(.ARM.Collect$$$$00000004)
    _main_clock                              0x08000139   Thumb Code     0  entry7b.o(.ARM.Collect$$$$00000008)
    _main_cpp_init                           0x08000139   Thumb Code     0  entry8b.o(.ARM.Collect$$$$0000000A)
    _main_init                               0x08000139   Thumb Code     0  entry9a.o(.ARM.Collect$$$$0000000B)
    __rt_final_cpp                           0x08000141   Thumb Code     0  entry10a.o(.ARM.Collect$$$$0000000D)
    __rt_final_exit                          0x08000141   Thumb Code     0  entry11a.o(.ARM.Collect$$$$0000000F)
    Reset_Handler                            0x08000145   Thumb Code     8  startup_stm32f10x_hd.o(.text)
    ADC1_2_IRQHandler                        0x0800015f   Thumb Code     0  startup_stm32f10x_hd.o(.text)
    ADC3_IRQHandler                          0x0800015f   Thumb Code     0  startup_stm32f10x_hd.o(.text)
    CAN1_RX1_IRQHandler                      0x0800015f   Thumb Code     0  startup_stm32f10x_hd.o(.text)
    CAN1_SCE_IRQHandler                      0x0800015f   Thumb Code     0  startup_stm32f10x_hd.o(.text)
    DMA1_Channel1_IRQHandler                 0x0800015f   Thumb Code     0  startup_stm32f10x_hd.o(.text)
    DMA1_Channel2_IRQHandler                 0x0800015f   Thumb Code     0  startup_stm32f10x_hd.o(.text)
    DMA1_Channel3_IRQHandler                 0x0800015f   Thumb Code     0  startup_stm32f10x_hd.o(.text)
    DMA1_Channel4_IRQHandler                 0x0800015f   Thumb Code     0  startup_stm32f10x_hd.o(.text)
    DMA1_Channel5_IRQHandler                 0x0800015f   Thumb Code     0  startup_stm32f10x_hd.o(.text)
    DMA1_Channel6_IRQHandler                 0x0800015f   Thumb Code     0  startup_stm32f10x_hd.o(.text)
    DMA1_Channel7_IRQHandler                 0x0800015f   Thumb Code     0  startup_stm32f10x_hd.o(.text)
    DMA2_Channel1_IRQHandler                 0x0800015f   Thumb Code     0  startup_stm32f10x_hd.o(.text)
    DMA2_Channel2_IRQHandler                 0x0800015f   Thumb Code     0  startup_stm32f10x_hd.o(.text)
    DMA2_Channel3_IRQHandler                 0x0800015f   Thumb Code     0  startup_stm32f10x_hd.o(.text)
    DMA2_Channel4_5_IRQHandler               0x0800015f   Thumb Code     0  startup_stm32f10x_hd.o(.text)
    EXTI15_10_IRQHandler                     0x0800015f   Thumb Code     0  startup_stm32f10x_hd.o(.text)
    EXTI1_IRQHandler                         0x0800015f   Thumb Code     0  startup_stm32f10x_hd.o(.text)
    EXTI4_IRQHandler                         0x0800015f   Thumb Code     0  startup_stm32f10x_hd.o(.text)
    FLASH_IRQHandler                         0x0800015f   Thumb Code     0  startup_stm32f10x_hd.o(.text)
    FSMC_IRQHandler                          0x0800015f   Thumb Code     0  startup_stm32f10x_hd.o(.text)
    I2C1_ER_IRQHandler                       0x0800015f   Thumb Code     0  startup_stm32f10x_hd.o(.text)
    I2C1_EV_IRQHandler                       0x0800015f   Thumb Code     0  startup_stm32f10x_hd.o(.text)
    I2C2_ER_IRQHandler                       0x0800015f   Thumb Code     0  startup_stm32f10x_hd.o(.text)
    I2C2_EV_IRQHandler                       0x0800015f   Thumb Code     0  startup_stm32f10x_hd.o(.text)
    PVD_IRQHandler                           0x0800015f   Thumb Code     0  startup_stm32f10x_hd.o(.text)
    RCC_IRQHandler                           0x0800015f   Thumb Code     0  startup_stm32f10x_hd.o(.text)
    RTCAlarm_IRQHandler                      0x0800015f   Thumb Code     0  startup_stm32f10x_hd.o(.text)
    RTC_IRQHandler                           0x0800015f   Thumb Code     0  startup_stm32f10x_hd.o(.text)
    SDIO_IRQHandler                          0x0800015f   Thumb Code     0  startup_stm32f10x_hd.o(.text)
    SPI1_IRQHandler                          0x0800015f   Thumb Code     0  startup_stm32f10x_hd.o(.text)
    SPI2_IRQHandler                          0x0800015f   Thumb Code     0  startup_stm32f10x_hd.o(.text)
    SPI3_IRQHandler                          0x0800015f   Thumb Code     0  startup_stm32f10x_hd.o(.text)
    TAMPER_IRQHandler                        0x0800015f   Thumb Code     0  startup_stm32f10x_hd.o(.text)
    TIM1_BRK_IRQHandler                      0x0800015f   Thumb Code     0  startup_stm32f10x_hd.o(.text)
    TIM1_CC_IRQHandler                       0x0800015f   Thumb Code     0  startup_stm32f10x_hd.o(.text)
    TIM1_TRG_COM_IRQHandler                  0x0800015f   Thumb Code     0  startup_stm32f10x_hd.o(.text)
    TIM1_UP_IRQHandler                       0x0800015f   Thumb Code     0  startup_stm32f10x_hd.o(.text)
    TIM4_IRQHandler                          0x0800015f   Thumb Code     0  startup_stm32f10x_hd.o(.text)
    TIM6_IRQHandler                          0x0800015f   Thumb Code     0  startup_stm32f10x_hd.o(.text)
    TIM7_IRQHandler                          0x0800015f   Thumb Code     0  startup_stm32f10x_hd.o(.text)
    TIM8_BRK_IRQHandler                      0x0800015f   Thumb Code     0  startup_stm32f10x_hd.o(.text)
    TIM8_CC_IRQHandler                       0x0800015f   Thumb Code     0  startup_stm32f10x_hd.o(.text)
    TIM8_TRG_COM_IRQHandler                  0x0800015f   Thumb Code     0  startup_stm32f10x_hd.o(.text)
    TIM8_UP_IRQHandler                       0x0800015f   Thumb Code     0  startup_stm32f10x_hd.o(.text)
    UART4_IRQHandler                         0x0800015f   Thumb Code     0  startup_stm32f10x_hd.o(.text)
    UART5_IRQHandler                         0x0800015f   Thumb Code     0  startup_stm32f10x_hd.o(.text)
    USART2_IRQHandler                        0x0800015f   Thumb Code     0  startup_stm32f10x_hd.o(.text)
    USBWakeUp_IRQHandler                     0x0800015f   Thumb Code     0  startup_stm32f10x_hd.o(.text)
    USB_HP_CAN1_TX_IRQHandler                0x0800015f   Thumb Code     0  startup_stm32f10x_hd.o(.text)
    USB_LP_CAN1_RX0_IRQHandler               0x0800015f   Thumb Code     0  startup_stm32f10x_hd.o(.text)
    WWDG_IRQHandler                          0x0800015f   Thumb Code     0  startup_stm32f10x_hd.o(.text)
    __0sscanf                                0x08000169   Thumb Code    48  __0sscanf.o(.text)
    _scanf_int                               0x080001a1   Thumb Code   332  _scanf_int.o(.text)
    __aeabi_dadd                             0x080002ed   Thumb Code   322  dadd.o(.text)
    __aeabi_dsub                             0x0800042f   Thumb Code     6  dadd.o(.text)
    __aeabi_drsub                            0x08000435   Thumb Code     6  dadd.o(.text)
    __aeabi_dmul                             0x0800043b   Thumb Code   228  dmul.o(.text)
    __aeabi_ddiv                             0x0800051f   Thumb Code   222  ddiv.o(.text)
    __aeabi_i2f                              0x080005fd   Thumb Code    18  fflti.o(.text)
    __aeabi_ui2d                             0x0800060f   Thumb Code    26  dfltui.o(.text)
    __aeabi_f2iz                             0x08000629   Thumb Code    50  ffixi.o(.text)
    __aeabi_d2iz                             0x0800065b   Thumb Code    62  dfixi.o(.text)
    __aeabi_d2uiz                            0x08000699   Thumb Code    50  dfixui.o(.text)
    __aeabi_f2d                              0x080006cb   Thumb Code    38  f2d.o(.text)
    __aeabi_d2f                              0x080006f1   Thumb Code    56  d2f.o(.text)
    __aeabi_uidiv                            0x08000729   Thumb Code     0  uidiv.o(.text)
    __aeabi_uidivmod                         0x08000729   Thumb Code    44  uidiv.o(.text)
    __aeabi_llsl                             0x08000755   Thumb Code    30  llshl.o(.text)
    _ll_shift_l                              0x08000755   Thumb Code     0  llshl.o(.text)
    __aeabi_llsr                             0x08000773   Thumb Code    32  llushr.o(.text)
    _ll_ushift_r                             0x08000773   Thumb Code     0  llushr.o(.text)
    __aeabi_lasr                             0x08000793   Thumb Code    36  llsshr.o(.text)
    _ll_sshift_r                             0x08000793   Thumb Code     0  llsshr.o(.text)
    _chval                                   0x080007b7   Thumb Code    28  _chval.o(.text)
    __vfscanf_char                           0x080007e1   Thumb Code    20  scanf_char.o(.text)
    _sgetc                                   0x080007fd   Thumb Code    30  _sgetc.o(.text)
    _sbackspace                              0x0800081b   Thumb Code    34  _sgetc.o(.text)
    __I$use$fp                               0x0800083d   Thumb Code     0  iusefp.o(.text)
    _float_round                             0x0800083d   Thumb Code    18  fepilogue.o(.text)
    _float_epilogue                          0x0800084f   Thumb Code    92  fepilogue.o(.text)
    _double_round                            0x080008ab   Thumb Code    30  depilogue.o(.text)
    _double_epilogue                         0x080008c9   Thumb Code   156  depilogue.o(.text)
    __ARM_scalbn                             0x08000965   Thumb Code    46  dscalb.o(.text)
    scalbn                                   0x08000965   Thumb Code     0  dscalb.o(.text)
    _dsqrt                                   0x08000993   Thumb Code   162  dsqrt.o(.text)
    __scatterload                            0x08000a35   Thumb Code    28  init.o(.text)
    __scatterload_rt2                        0x08000a35   Thumb Code     0  init.o(.text)
    isspace                                  0x08000a59   Thumb Code    10  isspace_c.o(.text)
    __vfscanf                                0x08000a65   Thumb Code   808  _scanf.o(.text)
    __ctype_lookup                           0x08000d91   Thumb Code    34  ctype_c.o(.text)
    BthConAng                                0x08000f05   Thumb Code   116  bthcon.o(i.BthConAng)
    BthConDis                                0x08000f79   Thumb Code    40  bthcon.o(i.BthConDis)
    BusFault_Handler                         0x08000fa1   Thumb Code     4  stm32f10x_it.o(i.BusFault_Handler)
    Clr1SecFlag                              0x08000fa5   Thumb Code     8  timer.o(i.Clr1SecFlag)
    ConfigTFTCon                             0x080011a5   Thumb Code   202  tftcon.o(i.ConfigTFTCon)
    DS18B20_Check                            0x080014ad   Thumb Code    88  ds18b20.o(i.DS18B20_Check)
    DS18B20_Get_Temp                         0x08001509   Thumb Code   136  ds18b20.o(i.DS18B20_Get_Temp)
    DS18B20_Init                             0x08001595   Thumb Code    58  ds18b20.o(i.DS18B20_Init)
    DS18B20_Mode                             0x080015d5   Thumb Code    60  ds18b20.o(i.DS18B20_Mode)
    DS18B20_Read_Bit                         0x08001615   Thumb Code    74  ds18b20.o(i.DS18B20_Read_Bit)
    DS18B20_Read_Byte                        0x08001665   Thumb Code    34  ds18b20.o(i.DS18B20_Read_Byte)
    DS18B20_Rst                              0x08001689   Thumb Code    44  ds18b20.o(i.DS18B20_Rst)
    DS18B20_Start                            0x080016b9   Thumb Code    32  ds18b20.o(i.DS18B20_Start)
    DS18B20_Write_Byte                       0x080016d9   Thumb Code    98  ds18b20.o(i.DS18B20_Write_Byte)
    DebugMon_Handler                         0x08001741   Thumb Code     2  stm32f10x_it.o(i.DebugMon_Handler)
    DecPWMDutyCycle                          0x08001745   Thumb Code    64  pwm.o(i.DecPWMDutyCycle)
    DelayNms                                 0x0800178d   Thumb Code    20  systick.o(i.DelayNms)
    DelayNus                                 0x080017a5   Thumb Code    26  systick.o(i.DelayNus)
    EXTI0_IRQHandler                         0x080017c1   Thumb Code    34  ultrasound1.o(i.EXTI0_IRQHandler)
    EXTI2_IRQHandler                         0x080017e9   Thumb Code    52  encoder.o(i.EXTI2_IRQHandler)
    EXTI3_IRQHandler                         0x08001825   Thumb Code    52  encoder.o(i.EXTI3_IRQHandler)
    EXTI9_5_IRQHandler                       0x08001861   Thumb Code   164  ultrasound1.o(i.EXTI9_5_IRQHandler)
    EXTI_ClearITPendingBit                   0x08001915   Thumb Code     6  stm32f10x_exti.o(i.EXTI_ClearITPendingBit)
    EXTI_GetITStatus                         0x08001921   Thumb Code    34  stm32f10x_exti.o(i.EXTI_GetITStatus)
    EXTI_Init                                0x08001949   Thumb Code   142  stm32f10x_exti.o(i.EXTI_Init)
    Encoder_Get                              0x080019dd   Thumb Code    14  encoder.o(i.Encoder_Get)
    Encoder_Init                             0x080019f1   Thumb Code   146  encoder.o(i.Encoder_Init)
    Encon                                    0x08001a89   Thumb Code    64  server.o(i.Encon)
    Encon1                                   0x08001ad1   Thumb Code    20  server.o(i.Encon1)
    EndPWMDutyCycle                          0x08001ae9   Thumb Code    26  pwm.o(i.EndPWMDutyCycle)
    FLASH_PrefetchBufferCmd                  0x08001b09   Thumb Code    22  stm32f10x_flash.o(i.FLASH_PrefetchBufferCmd)
    FLASH_SetLatency                         0x08001b25   Thumb Code    18  stm32f10x_flash.o(i.FLASH_SetLatency)
    Fan_Forward                              0x08001b3d   Thumb Code    20  pwm.o(i.Fan_Forward)
    Fan_Stop                                 0x08001b55   Thumb Code    20  pwm.o(i.Fan_Stop)
    GETUART3                                 0x08001b6d   Thumb Code   222  asrpro.o(i.GETUART3)
    GPIO_EXTILineConfig                      0x08001c4d   Thumb Code    60  stm32f10x_gpio.o(i.GPIO_EXTILineConfig)
    GPIO_Init                                0x08001c8d   Thumb Code   278  stm32f10x_gpio.o(i.GPIO_Init)
    GPIO_PinRemapConfig                      0x08001da5   Thumb Code   138  stm32f10x_gpio.o(i.GPIO_PinRemapConfig)
    GPIO_ReadInputDataBit                    0x08001e35   Thumb Code    18  stm32f10x_gpio.o(i.GPIO_ReadInputDataBit)
    GPIO_ResetBits                           0x08001e47   Thumb Code     4  stm32f10x_gpio.o(i.GPIO_ResetBits)
    GPIO_SetBits                             0x08001e4b   Thumb Code     4  stm32f10x_gpio.o(i.GPIO_SetBits)
    GPIO_WriteBit                            0x08001e4f   Thumb Code    10  stm32f10x_gpio.o(i.GPIO_WriteBit)
    Get1SecFlag                              0x08001e59   Thumb Code     6  timer.o(i.Get1SecFlag)
    GetDistance                              0x08001e65   Thumb Code    52  ultrasound.o(i.GetDistance)
    GetDistance_1                            0x08001ea5   Thumb Code   100  ultrasound1.o(i.GetDistance_1)
    HC05_Init                                0x08001f19   Thumb Code    42  hc05.o(i.HC05_Init)
    HardFault_Handler                        0x08001f49   Thumb Code     4  stm32f10x_it.o(i.HardFault_Handler)
    IncPWMDutyCycle                          0x08001f4d   Thumb Code    64  pwm.o(i.IncPWMDutyCycle)
    InitEXTI                                 0x08001f95   Thumb Code    12  exti.o(i.InitEXTI)
    InitLED                                  0x08001fdd   Thumb Code     8  led.o(i.InitLED)
    InitMotor                                0x08001fe5   Thumb Code    42  pwm.o(i.InitMotor)
    InitNVIC                                 0x08002015   Thumb Code     8  nvic.o(i.InitNVIC)
    InitRCC                                  0x0800201d   Thumb Code     8  rcc.o(i.InitRCC)
    InitSysTick                              0x08002035   Thumb Code    92  systick.o(i.InitSysTick)
    InitTimer                                0x0800209d   Thumb Code    32  timer.o(i.InitTimer)
    InitUltraSound                           0x080020bd   Thumb Code    32  ultrasound.o(i.InitUltraSound)
    InitUltraSound1                          0x080020e9   Thumb Code     8  ultrasound1.o(i.InitUltraSound1)
    LCD_Address_Set                          0x080020f1   Thumb Code    66  lcd_init.o(i.LCD_Address_Set)
    LCD_DrawPoint                            0x08002133   Thumb Code    28  lcd.o(i.LCD_DrawPoint)
    LCD_Fill                                 0x0800214f   Thumb Code    74  lcd.o(i.LCD_Fill)
    LCD_GPIO_Init                            0x08002199   Thumb Code    50  lcd_init.o(i.LCD_GPIO_Init)
    LCD_Init                                 0x080021d1   Thumb Code   502  lcd_init.o(i.LCD_Init)
    LCD_ShowChar                             0x080023cd   Thumb Code   236  lcd.o(i.LCD_ShowChar)
    LCD_ShowChinese                          0x080024c1   Thumb Code   116  lcd.o(i.LCD_ShowChinese)
    LCD_ShowChinese16x16                     0x08002535   Thumb Code   254  lcd.o(i.LCD_ShowChinese16x16)
    LCD_ShowChinese24x24                     0x08002639   Thumb Code   270  lcd.o(i.LCD_ShowChinese24x24)
    LCD_ShowChinese32x32                     0x0800274d   Thumb Code   254  lcd.o(i.LCD_ShowChinese32x32)
    LCD_ShowIntNum                           0x08002851   Thumb Code   150  lcd.o(i.LCD_ShowIntNum)
    LCD_ShowPicture                          0x080028e7   Thumb Code   104  lcd.o(i.LCD_ShowPicture)
    LCD_WR_DATA                              0x0800294f   Thumb Code    18  lcd_init.o(i.LCD_WR_DATA)
    LCD_WR_DATA8                             0x08002961   Thumb Code    12  lcd_init.o(i.LCD_WR_DATA8)
    LCD_WR_REG                               0x0800296d   Thumb Code    28  lcd_init.o(i.LCD_WR_REG)
    LCD_Writ_Bus                             0x0800298d   Thumb Code    82  lcd_init.o(i.LCD_Writ_Bus)
    LED_Init                                 0x080029e5   Thumb Code    58  main.o(i.LED_Init)
    MeasureDistance                          0x08002a59   Thumb Code    26  ultrasound.o(i.MeasureDistance)
    MemManage_Handler                        0x08002a79   Thumb Code     4  stm32f10x_it.o(i.MemManage_Handler)
    NMI_Handler                              0x08002a7d   Thumb Code     2  stm32f10x_it.o(i.NMI_Handler)
    NVIC_Init                                0x08002a81   Thumb Code   100  misc.o(i.NVIC_Init)
    NVIC_PriorityGroupConfig                 0x08002af1   Thumb Code    10  misc.o(i.NVIC_PriorityGroupConfig)
    PendSV_Handler                           0x08002be9   Thumb Code     2  stm32f10x_it.o(i.PendSV_Handler)
    RCC_APB1PeriphClockCmd                   0x08002bed   Thumb Code    26  stm32f10x_rcc.o(i.RCC_APB1PeriphClockCmd)
    RCC_APB1PeriphResetCmd                   0x08002c0d   Thumb Code    26  stm32f10x_rcc.o(i.RCC_APB1PeriphResetCmd)
    RCC_APB2PeriphClockCmd                   0x08002c2d   Thumb Code    26  stm32f10x_rcc.o(i.RCC_APB2PeriphClockCmd)
    RCC_APB2PeriphResetCmd                   0x08002c4d   Thumb Code    26  stm32f10x_rcc.o(i.RCC_APB2PeriphResetCmd)
    RCC_DeInit                               0x08002c6d   Thumb Code    64  stm32f10x_rcc.o(i.RCC_DeInit)
    RCC_GetClocksFreq                        0x08002cb9   Thumb Code   192  stm32f10x_rcc.o(i.RCC_GetClocksFreq)
    RCC_GetFlagStatus                        0x08002d8d   Thumb Code    56  stm32f10x_rcc.o(i.RCC_GetFlagStatus)
    RCC_GetSYSCLKSource                      0x08002dc9   Thumb Code    10  stm32f10x_rcc.o(i.RCC_GetSYSCLKSource)
    RCC_HCLKConfig                           0x08002dd9   Thumb Code    18  stm32f10x_rcc.o(i.RCC_HCLKConfig)
    RCC_HSEConfig                            0x08002df1   Thumb Code    70  stm32f10x_rcc.o(i.RCC_HSEConfig)
    RCC_PCLK1Config                          0x08002e3d   Thumb Code    18  stm32f10x_rcc.o(i.RCC_PCLK1Config)
    RCC_PCLK2Config                          0x08002e55   Thumb Code    20  stm32f10x_rcc.o(i.RCC_PCLK2Config)
    RCC_PLLCmd                               0x08002e6d   Thumb Code     6  stm32f10x_rcc.o(i.RCC_PLLCmd)
    RCC_PLLConfig                            0x08002e79   Thumb Code    24  stm32f10x_rcc.o(i.RCC_PLLConfig)
    RCC_SYSCLKConfig                         0x08002e95   Thumb Code    18  stm32f10x_rcc.o(i.RCC_SYSCLKConfig)
    RCC_WaitForHSEStartUp                    0x08002ead   Thumb Code    56  stm32f10x_rcc.o(i.RCC_WaitForHSEStartUp)
    ReaduFlag                                0x08002ee5   Thumb Code     6  ultrasound1.o(i.ReaduFlag)
    SVC_Handler                              0x08002ef1   Thumb Code     2  stm32f10x_it.o(i.SVC_Handler)
    Serial_Init                              0x08002ef5   Thumb Code   176  serial.o(i.Serial_Init)
    Serial_SendByte                          0x08002fad   Thumb Code    28  serial.o(i.Serial_SendByte)
    Serial_SendString                        0x08002fcd   Thumb Code    26  serial.o(i.Serial_SendString)
    Set_PWM_Duty                             0x080030e5   Thumb Code    14  pwm.o(i.Set_PWM_Duty)
    SysTick_Handler                          0x080030f9   Thumb Code     8  systick.o(i.SysTick_Handler)
    SystemInit                               0x08003101   Thumb Code    78  system_stm32f10x.o(i.SystemInit)
    TFT_ASR                                  0x0800320d   Thumb Code   464  tftcon.o(i.TFT_ASR)
    TFT_MANUAL                               0x080033fd   Thumb Code   332  tftcon.o(i.TFT_MANUAL)
    TFT_auto                                 0x08003569   Thumb Code   332  tftcon.o(i.TFT_auto)
    TIM2_IRQHandler                          0x08003915   Thumb Code    34  ultrasound1.o(i.TIM2_IRQHandler)
    TIM3_IRQHandler                          0x0800393d   Thumb Code   328  ultrasound.o(i.TIM3_IRQHandler)
    TIM5_IRQHandler                          0x08003a99   Thumb Code    58  timer.o(i.TIM5_IRQHandler)
    TIM8_PWM_Init                            0x08003ae1   Thumb Code   176  server.o(i.TIM8_PWM_Init)
    TIM_ClearITPendingBit                    0x08003b99   Thumb Code     6  stm32f10x_tim.o(i.TIM_ClearITPendingBit)
    TIM_Cmd                                  0x08003b9f   Thumb Code    24  stm32f10x_tim.o(i.TIM_Cmd)
    TIM_CtrlPWMOutputs                       0x08003bb7   Thumb Code    30  stm32f10x_tim.o(i.TIM_CtrlPWMOutputs)
    TIM_GetCapture3                          0x08003bd5   Thumb Code     6  stm32f10x_tim.o(i.TIM_GetCapture3)
    TIM_GetCounter                           0x08003bdb   Thumb Code     6  stm32f10x_tim.o(i.TIM_GetCounter)
    TIM_GetITStatus                          0x08003be1   Thumb Code    34  stm32f10x_tim.o(i.TIM_GetITStatus)
    TIM_ICInit                               0x08003c05   Thumb Code   150  stm32f10x_tim.o(i.TIM_ICInit)
    TIM_ITConfig                             0x08003cb1   Thumb Code    18  stm32f10x_tim.o(i.TIM_ITConfig)
    TIM_InternalClockConfig                  0x08003cc3   Thumb Code    12  stm32f10x_tim.o(i.TIM_InternalClockConfig)
    TIM_OC1Init                              0x08003cd1   Thumb Code   132  stm32f10x_tim.o(i.TIM_OC1Init)
    TIM_OC1PreloadConfig                     0x08003d69   Thumb Code    18  stm32f10x_tim.o(i.TIM_OC1PreloadConfig)
    TIM_OC2Init                              0x08003d7d   Thumb Code   154  stm32f10x_tim.o(i.TIM_OC2Init)
    TIM_OC3PolarityConfig                    0x08003e21   Thumb Code    26  stm32f10x_tim.o(i.TIM_OC3PolarityConfig)
    TIM_OCStructInit                         0x08003e3b   Thumb Code    20  stm32f10x_tim.o(i.TIM_OCStructInit)
    TIM_SetCompare1                          0x08003e4f   Thumb Code     4  stm32f10x_tim.o(i.TIM_SetCompare1)
    TIM_SetCompare2                          0x08003e53   Thumb Code     4  stm32f10x_tim.o(i.TIM_SetCompare2)
    TIM_SetCounter                           0x08003e57   Thumb Code     4  stm32f10x_tim.o(i.TIM_SetCounter)
    TIM_SetIC1Prescaler                      0x08003e5b   Thumb Code    18  stm32f10x_tim.o(i.TIM_SetIC1Prescaler)
    TIM_SetIC2Prescaler                      0x08003e6d   Thumb Code    26  stm32f10x_tim.o(i.TIM_SetIC2Prescaler)
    TIM_SetIC3Prescaler                      0x08003e87   Thumb Code    18  stm32f10x_tim.o(i.TIM_SetIC3Prescaler)
    TIM_SetIC4Prescaler                      0x08003e99   Thumb Code    26  stm32f10x_tim.o(i.TIM_SetIC4Prescaler)
    TIM_TimeBaseInit                         0x08003eb5   Thumb Code   122  stm32f10x_tim.o(i.TIM_TimeBaseInit)
    TempControl                              0x08003f59   Thumb Code    68  tftcon.o(i.TempControl)
    USART1_IRQHandler                        0x08003fcd   Thumb Code    44  serial.o(i.USART1_IRQHandler)
    USART3_Config                            0x08004005   Thumb Code   166  usart3.o(i.USART3_Config)
    USART3_IRQHandler                        0x080040b5   Thumb Code    26  usart3.o(i.USART3_IRQHandler)
    USART_ClearITPendingBit                  0x080040d9   Thumb Code    30  stm32f10x_usart.o(i.USART_ClearITPendingBit)
    USART_Cmd                                0x080040f7   Thumb Code    24  stm32f10x_usart.o(i.USART_Cmd)
    USART_DeInit                             0x08004111   Thumb Code   134  stm32f10x_usart.o(i.USART_DeInit)
    USART_GetFlagStatus                      0x080041ad   Thumb Code    26  stm32f10x_usart.o(i.USART_GetFlagStatus)
    USART_GetITStatus                        0x080041c7   Thumb Code    84  stm32f10x_usart.o(i.USART_GetITStatus)
    USART_ITConfig                           0x0800421b   Thumb Code    74  stm32f10x_usart.o(i.USART_ITConfig)
    USART_Init                               0x08004265   Thumb Code   210  stm32f10x_usart.o(i.USART_Init)
    USART_ReceiveData                        0x0800433d   Thumb Code    10  stm32f10x_usart.o(i.USART_ReceiveData)
    USART_SendData                           0x08004347   Thumb Code     8  stm32f10x_usart.o(i.USART_SendData)
    UsageFault_Handler                       0x0800434f   Thumb Code     4  stm32f10x_it.o(i.UsageFault_Handler)
    __0sprintf$1                             0x08004355   Thumb Code    34  printf1.o(i.__0sprintf$1)
    __1sprintf$1                             0x08004355   Thumb Code     0  printf1.o(i.__0sprintf$1)
    __2sprintf                               0x08004355   Thumb Code     0  printf1.o(i.__0sprintf$1)
    __ARM_fpclassify                         0x0800437d   Thumb Code    40  fpclassify.o(i.__ARM_fpclassify)
    __kernel_poly                            0x080043a5   Thumb Code   170  poly.o(i.__kernel_poly)
    __mathlib_dbl_infnan                     0x0800444f   Thumb Code     6  dunder.o(i.__mathlib_dbl_infnan)
    __mathlib_dbl_invalid                    0x08004455   Thumb Code    12  dunder.o(i.__mathlib_dbl_invalid)
    __mathlib_dbl_underflow                  0x08004461   Thumb Code    10  dunder.o(i.__mathlib_dbl_underflow)
    __scatterload_copy                       0x08004471   Thumb Code    14  handlers.o(i.__scatterload_copy)
    __scatterload_null                       0x0800447f   Thumb Code     2  handlers.o(i.__scatterload_null)
    __scatterload_zeroinit                   0x08004481   Thumb Code    14  handlers.o(i.__scatterload_zeroinit)
    __set_errno                              0x08004491   Thumb Code     6  errno.o(i.__set_errno)
    asin                                     0x080045fd   Thumb Code   572  asin.o(i.asin)
    main                                     0x080049b5   Thumb Code   116  main.o(i.main)
    mypow                                    0x08004a31   Thumb Code    22  lcd.o(i.mypow)
    sqrt                                     0x08004a47   Thumb Code    76  sqrt.o(i.sqrt)
    ascii_1206                               0x08004a92   Data        1140  lcd.o(.constdata)
    ascii_1608                               0x08004f06   Data        1520  lcd.o(.constdata)
    ascii_2412                               0x080054f6   Data        4560  lcd.o(.constdata)
    ascii_3216                               0x080066c6   Data        6080  lcd.o(.constdata)
    tfont12                                  0x08007e86   Data         208  lcd.o(.constdata)
    tfont16                                  0x08007f56   Data         272  lcd.o(.constdata)
    tfont24                                  0x08008066   Data         814  lcd.o(.constdata)
    tfont32                                  0x08008394   Data         650  lcd.o(.constdata)
    gImage_0                                 0x08008620   Data        7508  tftcon.o(.constdata)
    gImage_1                                 0x0800a374   Data        7508  tftcon.o(.constdata)
    gImage_2                                 0x0800c0c8   Data        7508  tftcon.o(.constdata)
    gImage_3                                 0x0800de1c   Data        7508  tftcon.o(.constdata)
    gImage_4                                 0x0800fb70   Data        7508  tftcon.o(.constdata)
    gImage_5                                 0x080118c4   Data        7508  tftcon.o(.constdata)
    __ctype_categories                       0x08013678   Data          64  ctype_c.o(.constdata)
    Region$$Table$$Base                      0x080136b8   Number         0  anon$$obj.o(Region$$Table)
    Region$$Table$$Limit                     0x080136d8   Number         0  anon$$obj.o(Region$$Table)
    timer                                    0x20000000   Data           1  main.o(.data)
    timer1                                   0x20000001   Data           1  main.o(.data)
    rot                                      0x20000002   Data           1  main.o(.data)
    RxSTA                                    0x20000003   Data           1  main.o(.data)
    Serial_RxData                            0x20000004   Data           1  main.o(.data)
    temptag                                  0x20000006   Data           2  main.o(.data)
    p                                        0x20000008   Data          16  main.o(.data)
    Encoder_Count                            0x2000003a   Data           2  encoder.o(.data)
    current_gear                             0x2000003c   Data           2  pwm.o(.data)
    gear_duty                                0x2000003e   Data          12  pwm.o(.data)
    Res                                      0x2000004a   Data           1  usart3.o(.data)
    Serial_RxFlag                            0x2000004b   Data           1  serial.o(.data)
    SystemCoreClock                          0x20000064   Data           4  system_stm32f10x.o(.data)
    AHBPrescTable                            0x20000068   Data          16  system_stm32f10x.o(.data)
    __initial_sp                             0x20000480   Data           0  startup_stm32f10x_hd.o(STACK)



==============================================================================

Memory Map of the image

  Image Entry point : 0x08000131

  Load Region LR_IROM1 (Base: 0x08000000, Size: 0x00013754, Max: 0x00040000, ABSOLUTE)

    Execution Region ER_IROM1 (Base: 0x08000000, Size: 0x000136d8, Max: 0x00040000, ABSOLUTE)

    Base Addr    Size         Type   Attr      Idx    E Section Name        Object

    0x08000000   0x00000130   Data   RO         2590    RESET               startup_stm32f10x_hd.o
    0x08000130   0x00000000   Code   RO         2613  * .ARM.Collect$$$$00000000  mc_w.l(entry.o)
    0x08000130   0x00000004   Code   RO         2923    .ARM.Collect$$$$00000001  mc_w.l(entry2.o)
    0x08000134   0x00000004   Code   RO         2926    .ARM.Collect$$$$00000004  mc_w.l(entry5.o)
    0x08000138   0x00000000   Code   RO         2928    .ARM.Collect$$$$00000008  mc_w.l(entry7b.o)
    0x08000138   0x00000000   Code   RO         2930    .ARM.Collect$$$$0000000A  mc_w.l(entry8b.o)
    0x08000138   0x00000008   Code   RO         2931    .ARM.Collect$$$$0000000B  mc_w.l(entry9a.o)
    0x08000140   0x00000000   Code   RO         2933    .ARM.Collect$$$$0000000D  mc_w.l(entry10a.o)
    0x08000140   0x00000000   Code   RO         2935    .ARM.Collect$$$$0000000F  mc_w.l(entry11a.o)
    0x08000140   0x00000004   Code   RO         2924    .ARM.Collect$$$$00002712  mc_w.l(entry2.o)
    0x08000144   0x00000024   Code   RO         2591    .text               startup_stm32f10x_hd.o
    0x08000168   0x00000038   Code   RO         2877    .text               mc_w.l(__0sscanf.o)
    0x080001a0   0x0000014c   Code   RO         2879    .text               mc_w.l(_scanf_int.o)
    0x080002ec   0x0000014e   Code   RO         2883    .text               mf_w.l(dadd.o)
    0x0800043a   0x000000e4   Code   RO         2885    .text               mf_w.l(dmul.o)
    0x0800051e   0x000000de   Code   RO         2887    .text               mf_w.l(ddiv.o)
    0x080005fc   0x00000012   Code   RO         2889    .text               mf_w.l(fflti.o)
    0x0800060e   0x0000001a   Code   RO         2891    .text               mf_w.l(dfltui.o)
    0x08000628   0x00000032   Code   RO         2893    .text               mf_w.l(ffixi.o)
    0x0800065a   0x0000003e   Code   RO         2897    .text               mf_w.l(dfixi.o)
    0x08000698   0x00000032   Code   RO         2899    .text               mf_w.l(dfixui.o)
    0x080006ca   0x00000026   Code   RO         2901    .text               mf_w.l(f2d.o)
    0x080006f0   0x00000038   Code   RO         2903    .text               mf_w.l(d2f.o)
    0x08000728   0x0000002c   Code   RO         2938    .text               mc_w.l(uidiv.o)
    0x08000754   0x0000001e   Code   RO         2942    .text               mc_w.l(llshl.o)
    0x08000772   0x00000020   Code   RO         2944    .text               mc_w.l(llushr.o)
    0x08000792   0x00000024   Code   RO         2946    .text               mc_w.l(llsshr.o)
    0x080007b6   0x0000001c   Code   RO         2955    .text               mc_w.l(_chval.o)
    0x080007d2   0x00000002   PAD
    0x080007d4   0x00000028   Code   RO         2957    .text               mc_w.l(scanf_char.o)
    0x080007fc   0x00000040   Code   RO         2959    .text               mc_w.l(_sgetc.o)
    0x0800083c   0x00000000   Code   RO         2961    .text               mc_w.l(iusefp.o)
    0x0800083c   0x0000006e   Code   RO         2962    .text               mf_w.l(fepilogue.o)
    0x080008aa   0x000000ba   Code   RO         2964    .text               mf_w.l(depilogue.o)
    0x08000964   0x0000002e   Code   RO         2966    .text               mf_w.l(dscalb.o)
    0x08000992   0x000000a2   Code   RO         2968    .text               mf_w.l(dsqrt.o)
    0x08000a34   0x00000024   Code   RO         2976    .text               mc_w.l(init.o)
    0x08000a58   0x0000000a   Code   RO         2978    .text               mc_w.l(isspace_c.o)
    0x08000a62   0x00000002   PAD
    0x08000a64   0x0000032c   Code   RO         2980    .text               mc_w.l(_scanf.o)
    0x08000d90   0x00000028   Code   RO         2982    .text               mc_w.l(ctype_c.o)
    0x08000db8   0x0000002c   Code   RO            1    i.ASRTask           main.o
    0x08000de4   0x000000c0   Code   RO            2    i.AUTOTask          main.o
    0x08000ea4   0x00000060   Code   RO            3    i.BLUETOOTHTask     main.o
    0x08000f04   0x00000074   Code   RO         1105    i.BthConAng         bthcon.o
    0x08000f78   0x00000028   Code   RO         1106    i.BthConDis         bthcon.o
    0x08000fa0   0x00000004   Code   RO         2497    i.BusFault_Handler  stm32f10x_it.o
    0x08000fa4   0x0000000c   Code   RO          272    i.Clr1SecFlag       timer.o
    0x08000fb0   0x000000d0   Code   RO          747    i.ConfigEXTI        exti.o
    0x08001080   0x0000005c   Code   RO          748    i.ConfigEXTIGPIO    exti.o
    0x080010dc   0x00000058   Code   RO          212    i.ConfigLEDGPIO     led.o
    0x08001134   0x0000000c   Code   RO         2429    i.ConfigNVIC        nvic.o
    0x08001140   0x00000064   Code   RO          255    i.ConfigRCC         rcc.o
    0x080011a4   0x000000f8   Code   RO          769    i.ConfigTFTCon      tftcon.o
    0x0800129c   0x0000005c   Code   RO          273    i.ConfigTimer2      timer.o
    0x080012f8   0x00000088   Code   RO          274    i.ConfigTimer3      timer.o
    0x08001380   0x00000060   Code   RO          275    i.ConfigTimer5      timer.o
    0x080013e0   0x00000044   Code   RO          364    i.ConfigUltraSoundGPIO  ultrasound.o
    0x08001424   0x00000088   Code   RO          447    i.ConfigUltraSoundGPIO  ultrasound1.o
    0x080014ac   0x0000005c   Code   RO          835    i.DS18B20_Check     ds18b20.o
    0x08001508   0x0000008c   Code   RO          836    i.DS18B20_Get_Temp  ds18b20.o
    0x08001594   0x00000040   Code   RO          837    i.DS18B20_Init      ds18b20.o
    0x080015d4   0x00000040   Code   RO          838    i.DS18B20_Mode      ds18b20.o
    0x08001614   0x00000050   Code   RO          839    i.DS18B20_Read_Bit  ds18b20.o
    0x08001664   0x00000022   Code   RO          840    i.DS18B20_Read_Byte  ds18b20.o
    0x08001686   0x00000002   PAD
    0x08001688   0x00000030   Code   RO          841    i.DS18B20_Rst       ds18b20.o
    0x080016b8   0x00000020   Code   RO          842    i.DS18B20_Start     ds18b20.o
    0x080016d8   0x00000068   Code   RO          843    i.DS18B20_Write_Byte  ds18b20.o
    0x08001740   0x00000002   Code   RO         2498    i.DebugMon_Handler  stm32f10x_it.o
    0x08001742   0x00000002   PAD
    0x08001744   0x00000048   Code   RO          691    i.DecPWMDutyCycle   pwm.o
    0x0800178c   0x00000018   Code   RO         2446    i.DelayNms          systick.o
    0x080017a4   0x0000001a   Code   RO         2447    i.DelayNus          systick.o
    0x080017be   0x00000002   PAD
    0x080017c0   0x00000028   Code   RO          448    i.EXTI0_IRQHandler  ultrasound1.o
    0x080017e8   0x0000003c   Code   RO          508    i.EXTI2_IRQHandler  encoder.o
    0x08001824   0x0000003c   Code   RO          509    i.EXTI3_IRQHandler  encoder.o
    0x08001860   0x000000b4   Code   RO          449    i.EXTI9_5_IRQHandler  ultrasound1.o
    0x08001914   0x0000000c   Code   RO         2376    i.EXTI_ClearITPendingBit  stm32f10x_exti.o
    0x08001920   0x00000028   Code   RO         2380    i.EXTI_GetITStatus  stm32f10x_exti.o
    0x08001948   0x00000094   Code   RO         2381    i.EXTI_Init         stm32f10x_exti.o
    0x080019dc   0x00000014   Code   RO          510    i.Encoder_Get       encoder.o
    0x080019f0   0x00000098   Code   RO          511    i.Encoder_Init      encoder.o
    0x08001a88   0x00000048   Code   RO          422    i.Encon             server.o
    0x08001ad0   0x00000018   Code   RO          423    i.Encon1            server.o
    0x08001ae8   0x00000020   Code   RO          692    i.EndPWMDutyCycle   pwm.o
    0x08001b08   0x0000001c   Code   RO         1176    i.FLASH_PrefetchBufferCmd  stm32f10x_flash.o
    0x08001b24   0x00000018   Code   RO         1181    i.FLASH_SetLatency  stm32f10x_flash.o
    0x08001b3c   0x00000018   Code   RO          693    i.Fan_Forward       pwm.o
    0x08001b54   0x00000018   Code   RO          694    i.Fan_Stop          pwm.o
    0x08001b6c   0x000000de   Code   RO          973    i.GETUART3          asrpro.o
    0x08001c4a   0x00000002   PAD
    0x08001c4c   0x00000040   Code   RO         1336    i.GPIO_EXTILineConfig  stm32f10x_gpio.o
    0x08001c8c   0x00000116   Code   RO         1339    i.GPIO_Init         stm32f10x_gpio.o
    0x08001da2   0x00000002   PAD
    0x08001da4   0x00000090   Code   RO         1341    i.GPIO_PinRemapConfig  stm32f10x_gpio.o
    0x08001e34   0x00000012   Code   RO         1343    i.GPIO_ReadInputDataBit  stm32f10x_gpio.o
    0x08001e46   0x00000004   Code   RO         1346    i.GPIO_ResetBits    stm32f10x_gpio.o
    0x08001e4a   0x00000004   Code   RO         1347    i.GPIO_SetBits      stm32f10x_gpio.o
    0x08001e4e   0x0000000a   Code   RO         1350    i.GPIO_WriteBit     stm32f10x_gpio.o
    0x08001e58   0x0000000c   Code   RO          276    i.Get1SecFlag       timer.o
    0x08001e64   0x00000040   Code   RO          365    i.GetDistance       ultrasound.o
    0x08001ea4   0x00000074   Code   RO          450    i.GetDistance_1     ultrasound1.o
    0x08001f18   0x00000030   Code   RO          988    i.HC05_Init         hc05.o
    0x08001f48   0x00000004   Code   RO         2499    i.HardFault_Handler  stm32f10x_it.o
    0x08001f4c   0x00000048   Code   RO          695    i.IncPWMDutyCycle   pwm.o
    0x08001f94   0x0000000c   Code   RO          749    i.InitEXTI          exti.o
    0x08001fa0   0x0000003c   Code   RO            4    i.InitHardware      main.o
    0x08001fdc   0x00000008   Code   RO          213    i.InitLED           led.o
    0x08001fe4   0x00000030   Code   RO          696    i.InitMotor         pwm.o
    0x08002014   0x00000008   Code   RO         2430    i.InitNVIC          nvic.o
    0x0800201c   0x00000008   Code   RO          256    i.InitRCC           rcc.o
    0x08002024   0x00000010   Code   RO            5    i.InitSoftware      main.o
    0x08002034   0x00000068   Code   RO         2448    i.InitSysTick       systick.o
    0x0800209c   0x00000020   Code   RO          277    i.InitTimer         timer.o
    0x080020bc   0x0000002c   Code   RO          367    i.InitUltraSound    ultrasound.o
    0x080020e8   0x00000008   Code   RO          451    i.InitUltraSound1   ultrasound1.o
    0x080020f0   0x00000042   Code   RO          643    i.LCD_Address_Set   lcd_init.o
    0x08002132   0x0000001c   Code   RO          543    i.LCD_DrawPoint     lcd.o
    0x0800214e   0x0000004a   Code   RO          545    i.LCD_Fill          lcd.o
    0x08002198   0x00000038   Code   RO          644    i.LCD_GPIO_Init     lcd_init.o
    0x080021d0   0x000001fc   Code   RO          645    i.LCD_Init          lcd_init.o
    0x080023cc   0x000000f4   Code   RO          546    i.LCD_ShowChar      lcd.o
    0x080024c0   0x00000074   Code   RO          547    i.LCD_ShowChinese   lcd.o
    0x08002534   0x00000104   Code   RO          548    i.LCD_ShowChinese16x16  lcd.o
    0x08002638   0x00000114   Code   RO          549    i.LCD_ShowChinese24x24  lcd.o
    0x0800274c   0x00000104   Code   RO          550    i.LCD_ShowChinese32x32  lcd.o
    0x08002850   0x00000096   Code   RO          552    i.LCD_ShowIntNum    lcd.o
    0x080028e6   0x00000068   Code   RO          553    i.LCD_ShowPicture   lcd.o
    0x0800294e   0x00000012   Code   RO          646    i.LCD_WR_DATA       lcd_init.o
    0x08002960   0x0000000c   Code   RO          647    i.LCD_WR_DATA8      lcd_init.o
    0x0800296c   0x00000020   Code   RO          648    i.LCD_WR_REG        lcd_init.o
    0x0800298c   0x00000058   Code   RO          649    i.LCD_Writ_Bus      lcd_init.o
    0x080029e4   0x00000044   Code   RO            6    i.LED_Init          main.o
    0x08002a28   0x00000030   Code   RO            7    i.MANUALTask        main.o
    0x08002a58   0x00000020   Code   RO          368    i.MeasureDistance   ultrasound.o
    0x08002a78   0x00000004   Code   RO         2500    i.MemManage_Handler  stm32f10x_it.o
    0x08002a7c   0x00000002   Code   RO         2501    i.NMI_Handler       stm32f10x_it.o
    0x08002a7e   0x00000002   PAD
    0x08002a80   0x00000070   Code   RO         1123    i.NVIC_Init         misc.o
    0x08002af0   0x00000014   Code   RO         1124    i.NVIC_PriorityGroupConfig  misc.o
    0x08002b04   0x00000030   Code   RO          770    i.NumPrint          tftcon.o
    0x08002b34   0x000000b4   Code   RO          697    i.PWM_Init          pwm.o
    0x08002be8   0x00000002   Code   RO         2502    i.PendSV_Handler    stm32f10x_it.o
    0x08002bea   0x00000002   PAD
    0x08002bec   0x00000020   Code   RO         1449    i.RCC_APB1PeriphClockCmd  stm32f10x_rcc.o
    0x08002c0c   0x00000020   Code   RO         1450    i.RCC_APB1PeriphResetCmd  stm32f10x_rcc.o
    0x08002c2c   0x00000020   Code   RO         1451    i.RCC_APB2PeriphClockCmd  stm32f10x_rcc.o
    0x08002c4c   0x00000020   Code   RO         1452    i.RCC_APB2PeriphResetCmd  stm32f10x_rcc.o
    0x08002c6c   0x0000004c   Code   RO         1458    i.RCC_DeInit        stm32f10x_rcc.o
    0x08002cb8   0x000000d4   Code   RO         1459    i.RCC_GetClocksFreq  stm32f10x_rcc.o
    0x08002d8c   0x0000003c   Code   RO         1460    i.RCC_GetFlagStatus  stm32f10x_rcc.o
    0x08002dc8   0x00000010   Code   RO         1462    i.RCC_GetSYSCLKSource  stm32f10x_rcc.o
    0x08002dd8   0x00000018   Code   RO         1463    i.RCC_HCLKConfig    stm32f10x_rcc.o
    0x08002df0   0x0000004c   Code   RO         1464    i.RCC_HSEConfig     stm32f10x_rcc.o
    0x08002e3c   0x00000018   Code   RO         1470    i.RCC_PCLK1Config   stm32f10x_rcc.o
    0x08002e54   0x00000018   Code   RO         1471    i.RCC_PCLK2Config   stm32f10x_rcc.o
    0x08002e6c   0x0000000c   Code   RO         1472    i.RCC_PLLCmd        stm32f10x_rcc.o
    0x08002e78   0x0000001c   Code   RO         1473    i.RCC_PLLConfig     stm32f10x_rcc.o
    0x08002e94   0x00000018   Code   RO         1476    i.RCC_SYSCLKConfig  stm32f10x_rcc.o
    0x08002eac   0x00000038   Code   RO         1478    i.RCC_WaitForHSEStartUp  stm32f10x_rcc.o
    0x08002ee4   0x0000000c   Code   RO          453    i.ReaduFlag         ultrasound1.o
    0x08002ef0   0x00000002   Code   RO         2503    i.SVC_Handler       stm32f10x_it.o
    0x08002ef2   0x00000002   PAD
    0x08002ef4   0x000000b8   Code   RO         1024    i.Serial_Init       serial.o
    0x08002fac   0x00000020   Code   RO         1028    i.Serial_SendByte   serial.o
    0x08002fcc   0x0000001a   Code   RO         1030    i.Serial_SendString  serial.o
    0x08002fe6   0x00000002   PAD
    0x08002fe8   0x00000014   Code   RO            8    i.Server_180_Angle  main.o
    0x08002ffc   0x00000008   Code   RO         2554    i.SetSysClock       system_stm32f10x.o
    0x08003004   0x000000e0   Code   RO         2555    i.SetSysClockTo72   system_stm32f10x.o
    0x080030e4   0x00000014   Code   RO          698    i.Set_PWM_Duty      pwm.o
    0x080030f8   0x00000008   Code   RO         2449    i.SysTick_Handler   systick.o
    0x08003100   0x00000060   Code   RO         2557    i.SystemInit        system_stm32f10x.o
    0x08003160   0x00000098   Code   RO            9    i.TEMPCon           main.o
    0x080031f8   0x00000012   Code   RO           10    i.TEMPTask          main.o
    0x0800320a   0x00000002   PAD
    0x0800320c   0x000001f0   Code   RO          771    i.TFT_ASR           tftcon.o
    0x080033fc   0x0000016c   Code   RO          773    i.TFT_MANUAL        tftcon.o
    0x08003568   0x0000016c   Code   RO          774    i.TFT_auto          tftcon.o
    0x080036d4   0x00000080   Code   RO         1647    i.TI1_Config        stm32f10x_tim.o
    0x08003754   0x00000098   Code   RO         1648    i.TI2_Config        stm32f10x_tim.o
    0x080037ec   0x00000090   Code   RO         1649    i.TI3_Config        stm32f10x_tim.o
    0x0800387c   0x00000098   Code   RO         1650    i.TI4_Config        stm32f10x_tim.o
    0x08003914   0x00000028   Code   RO          454    i.TIM2_IRQHandler   ultrasound1.o
    0x0800393c   0x0000015c   Code   RO          370    i.TIM3_IRQHandler   ultrasound.o
    0x08003a98   0x00000048   Code   RO          278    i.TIM5_IRQHandler   timer.o
    0x08003ae0   0x000000b8   Code   RO          424    i.TIM8_PWM_Init     server.o
    0x08003b98   0x00000006   Code   RO         1658    i.TIM_ClearITPendingBit  stm32f10x_tim.o
    0x08003b9e   0x00000018   Code   RO         1663    i.TIM_Cmd           stm32f10x_tim.o
    0x08003bb6   0x0000001e   Code   RO         1665    i.TIM_CtrlPWMOutputs  stm32f10x_tim.o
    0x08003bd4   0x00000006   Code   RO         1680    i.TIM_GetCapture3   stm32f10x_tim.o
    0x08003bda   0x00000006   Code   RO         1682    i.TIM_GetCounter    stm32f10x_tim.o
    0x08003be0   0x00000022   Code   RO         1684    i.TIM_GetITStatus   stm32f10x_tim.o
    0x08003c02   0x00000002   PAD
    0x08003c04   0x000000ac   Code   RO         1686    i.TIM_ICInit        stm32f10x_tim.o
    0x08003cb0   0x00000012   Code   RO         1688    i.TIM_ITConfig      stm32f10x_tim.o
    0x08003cc2   0x0000000c   Code   RO         1690    i.TIM_InternalClockConfig  stm32f10x_tim.o
    0x08003cce   0x00000002   PAD
    0x08003cd0   0x00000098   Code   RO         1692    i.TIM_OC1Init       stm32f10x_tim.o
    0x08003d68   0x00000012   Code   RO         1695    i.TIM_OC1PreloadConfig  stm32f10x_tim.o
    0x08003d7a   0x00000002   PAD
    0x08003d7c   0x000000a4   Code   RO         1697    i.TIM_OC2Init       stm32f10x_tim.o
    0x08003e20   0x0000001a   Code   RO         1704    i.TIM_OC3PolarityConfig  stm32f10x_tim.o
    0x08003e3a   0x00000014   Code   RO         1710    i.TIM_OCStructInit  stm32f10x_tim.o
    0x08003e4e   0x00000004   Code   RO         1724    i.TIM_SetCompare1   stm32f10x_tim.o
    0x08003e52   0x00000004   Code   RO         1725    i.TIM_SetCompare2   stm32f10x_tim.o
    0x08003e56   0x00000004   Code   RO         1728    i.TIM_SetCounter    stm32f10x_tim.o
    0x08003e5a   0x00000012   Code   RO         1729    i.TIM_SetIC1Prescaler  stm32f10x_tim.o
    0x08003e6c   0x0000001a   Code   RO         1730    i.TIM_SetIC2Prescaler  stm32f10x_tim.o
    0x08003e86   0x00000012   Code   RO         1731    i.TIM_SetIC3Prescaler  stm32f10x_tim.o
    0x08003e98   0x0000001a   Code   RO         1732    i.TIM_SetIC4Prescaler  stm32f10x_tim.o
    0x08003eb2   0x00000002   PAD
    0x08003eb4   0x000000a4   Code   RO         1734    i.TIM_TimeBaseInit  stm32f10x_tim.o
    0x08003f58   0x0000005c   Code   RO          775    i.TempControl       tftcon.o
    0x08003fb4   0x00000018   Code   RO         2450    i.TimDelayDec       systick.o
    0x08003fcc   0x00000038   Code   RO         1031    i.USART1_IRQHandler  serial.o
    0x08004004   0x000000b0   Code   RO          924    i.USART3_Config     usart3.o
    0x080040b4   0x00000024   Code   RO          925    i.USART3_IRQHandler  usart3.o
    0x080040d8   0x0000001e   Code   RO         2196    i.USART_ClearITPendingBit  stm32f10x_usart.o
    0x080040f6   0x00000018   Code   RO         2199    i.USART_Cmd         stm32f10x_usart.o
    0x0800410e   0x00000002   PAD
    0x08004110   0x0000009c   Code   RO         2201    i.USART_DeInit      stm32f10x_usart.o
    0x080041ac   0x0000001a   Code   RO         2202    i.USART_GetFlagStatus  stm32f10x_usart.o
    0x080041c6   0x00000054   Code   RO         2203    i.USART_GetITStatus  stm32f10x_usart.o
    0x0800421a   0x0000004a   Code   RO         2205    i.USART_ITConfig    stm32f10x_usart.o
    0x08004264   0x000000d8   Code   RO         2206    i.USART_Init        stm32f10x_usart.o
    0x0800433c   0x0000000a   Code   RO         2213    i.USART_ReceiveData  stm32f10x_usart.o
    0x08004346   0x00000008   Code   RO         2216    i.USART_SendData    stm32f10x_usart.o
    0x0800434e   0x00000004   Code   RO         2504    i.UsageFault_Handler  stm32f10x_it.o
    0x08004352   0x00000002   PAD
    0x08004354   0x00000028   Code   RO         2663    i.__0sprintf$1      mc_w.l(printf1.o)
    0x0800437c   0x00000028   Code   RO         2919    i.__ARM_fpclassify  m_ws.l(fpclassify.o)
    0x080043a4   0x000000aa   Code   RO         2921    i.__kernel_poly     m_ws.l(poly.o)
    0x0800444e   0x00000006   Code   RO         2906    i.__mathlib_dbl_infnan  m_ws.l(dunder.o)
    0x08004454   0x0000000c   Code   RO         2908    i.__mathlib_dbl_invalid  m_ws.l(dunder.o)
    0x08004460   0x00000010   Code   RO         2911    i.__mathlib_dbl_underflow  m_ws.l(dunder.o)
    0x08004470   0x0000000e   Code   RO         2987    i.__scatterload_copy  mc_w.l(handlers.o)
    0x0800447e   0x00000002   Code   RO         2988    i.__scatterload_null  mc_w.l(handlers.o)
    0x08004480   0x0000000e   Code   RO         2989    i.__scatterload_zeroinit  mc_w.l(handlers.o)
    0x0800448e   0x00000002   PAD
    0x08004490   0x0000000c   Code   RO         2950    i.__set_errno       mc_w.l(errno.o)
    0x0800449c   0x00000154   Code   RO         2668    i._printf_core      mc_w.l(printf1.o)
    0x080045f0   0x0000000a   Code   RO         2670    i._sputc            mc_w.l(printf1.o)
    0x080045fa   0x00000002   PAD
    0x080045fc   0x00000270   Code   RO         2596    i.asin              m_ws.l(asin.o)
    0x0800486c   0x00000148   Code   RO           11    i.calculate_angle   main.o
    0x080049b4   0x0000007c   Code   RO           12    i.main              main.o
    0x08004a30   0x00000016   Code   RO          555    i.mypow             lcd.o
    0x08004a46   0x0000004c   Code   RO         2606    i.sqrt              m_ws.l(sqrt.o)
    0x08004a92   0x00003b8c   Data   RO          556    .constdata          lcd.o
    0x0800861e   0x00000002   PAD
    0x08008620   0x0000b008   Data   RO          776    .constdata          tftcon.o
    0x08013628   0x00000050   Data   RO         2597    .constdata          m_ws.l(asin.o)
    0x08013678   0x00000040   Data   RO         2983    .constdata          mc_w.l(ctype_c.o)
    0x080136b8   0x00000020   Data   RO         2985    Region$$Table       anon$$obj.o


    Execution Region RW_IRAM1 (Base: 0x20000000, Size: 0x00000480, Max: 0x0000c000, ABSOLUTE)

    Base Addr    Size         Type   Attr      Idx    E Section Name        Object

    0x20000000   0x00000018   Data   RW           13    .data               main.o
    0x20000018   0x00000004   Data   RW          279    .data               timer.o
    0x2000001c   0x00000009   Data   RW          372    .data               ultrasound.o
    0x20000025   0x00000003   PAD
    0x20000028   0x00000004   Data   RW          425    .data               server.o
    0x2000002c   0x0000000e   Data   RW          456    .data               ultrasound1.o
    0x2000003a   0x00000002   Data   RW          512    .data               encoder.o
    0x2000003c   0x0000000e   Data   RW          699    .data               pwm.o
    0x2000004a   0x00000001   Data   RW          931    .data               usart3.o
    0x2000004b   0x00000001   Data   RW         1033    .data               serial.o
    0x2000004c   0x00000014   Data   RW         1479    .data               stm32f10x_rcc.o
    0x20000060   0x00000004   Data   RW         2451    .data               systick.o
    0x20000064   0x00000014   Data   RW         2558    .data               system_stm32f10x.o
    0x20000078   0x00000004   Data   RW         2951    .data               mc_w.l(errno.o)
    0x2000007c   0x00000004   PAD
    0x20000080   0x00000400   Zero   RW         2588    STACK               startup_stm32f10x_hd.o


==============================================================================

Image component sizes


      Code (inc. data)   RO Data    RW Data    ZI Data      Debug   Object Name

       222         16          0          0          0        711   asrpro.o
       156          0          0          0          0       1144   bthcon.o
       658         34          0          0          0       5131   ds18b20.o
       292         28          0          2          0       2299   encoder.o
       312          8          0          0          0       1511   exti.o
        48          6          0          0          0        484   hc05.o
      1534         26      15244          0          0      10026   lcd.o
       780         22          0          0          0       4014   lcd_init.o
        96          4          0          0          0     208746   led.o
      1166        118          0         24          0     262225   main.o
       132         22          0          0          0       1451   misc.o
        20          0          0          0          0        843   nvic.o
       472         50          0         14          0       4743   pwm.o
       108          0          0          0          0        942   rcc.o
       298         24          0          1          0       2432   serial.o
       280         20          0          4          0       1701   server.o
        36          8        304          0       1024        800   startup_stm32f10x_hd.o
       200         18          0          0          0       2000   stm32f10x_exti.o
        52         12          0          0          0       1053   stm32f10x_flash.o
       522         10          0          0          0       5488   stm32f10x_gpio.o
        24          0          0          0          0       3544   stm32f10x_it.o
       760        104          0         20          0      11256   stm32f10x_rcc.o
      1528        180          0          0          0      15768   stm32f10x_tim.o
       628         28          0          0          0       7162   stm32f10x_usart.o
         0          0          0          0          0         32   sys.o
       328         28          0         20          0       2233   system_stm32f10x.o
       186         22          0          4          0      18161   systick.o
      1612        188      45064          0          0       4159   tftcon.o
       452         36          0          4          0       3914   timer.o
       556         54          0          9          0       3259   ultrasound.o
       532         56          0         14          0       3916   ultrasound1.o
       212         20          0          1          0       1722   usart3.o

    ----------------------------------------------------------------------
     14234       1142      60646        120       1024     592870   Object Totals
         0          0         32          0          0          0   (incl. Generated)
        32          0          2          3          0          0   (incl. Padding)

    ----------------------------------------------------------------------

      Code (inc. data)   RO Data    RW Data    ZI Data      Debug   Library Member Name

       624         52         80          0          0        168   asin.o
        34          6          0          0          0        204   dunder.o
        40          0          0          0          0         68   fpclassify.o
       170          0          0          0          0         96   poly.o
        76          0          0          0          0         84   sqrt.o
        56          8          0          0          0         84   __0sscanf.o
        28          0          0          0          0         68   _chval.o
       812          4          0          0          0        112   _scanf.o
       332          0          0          0          0         96   _scanf_int.o
        64          0          0          0          0         84   _sgetc.o
        40          6         64          0          0         68   ctype_c.o
         0          0          0          0          0          0   entry.o
         0          0          0          0          0          0   entry10a.o
         0          0          0          0          0          0   entry11a.o
         8          4          0          0          0          0   entry2.o
         4          0          0          0          0          0   entry5.o
         0          0          0          0          0          0   entry7b.o
         0          0          0          0          0          0   entry8b.o
         8          4          0          0          0          0   entry9a.o
        12          6          0          4          0         68   errno.o
        30          0          0          0          0          0   handlers.o
        36          8          0          0          0         68   init.o
        10          0          0          0          0         68   isspace_c.o
         0          0          0          0          0          0   iusefp.o
        30          0          0          0          0         68   llshl.o
        36          0          0          0          0         68   llsshr.o
        32          0          0          0          0         68   llushr.o
       390         10          0          0          0        252   printf1.o
        40          8          0          0          0         84   scanf_char.o
        44          0          0          0          0         80   uidiv.o
        56          0          0          0          0         88   d2f.o
       334          0          0          0          0        148   dadd.o
       222          0          0          0          0        100   ddiv.o
       186          0          0          0          0        176   depilogue.o
        62          0          0          0          0         80   dfixi.o
        50          0          0          0          0         76   dfixui.o
        26          0          0          0          0         76   dfltui.o
       228          0          0          0          0         96   dmul.o
        46          0          0          0          0         80   dscalb.o
       162          0          0          0          0        100   dsqrt.o
        38          0          0          0          0         68   f2d.o
       110          0          0          0          0        168   fepilogue.o
        50          0          0          0          0         68   ffixi.o
        18          0          0          0          0         68   fflti.o

    ----------------------------------------------------------------------
      4552        116        144          4          4       3348   Library Totals
         8          0          0          0          4          0   (incl. Padding)

    ----------------------------------------------------------------------

      Code (inc. data)   RO Data    RW Data    ZI Data      Debug   Library Name

       944         58         80          0          0        620   m_ws.l
      2012         58         64          4          0       1336   mc_w.l
      1588          0          0          0          0       1392   mf_w.l

    ----------------------------------------------------------------------
      4552        116        144          4          4       3348   Library Totals

    ----------------------------------------------------------------------

==============================================================================


      Code (inc. data)   RO Data    RW Data    ZI Data      Debug   

     18786       1258      60790        124       1028     585554   Grand Totals
     18786       1258      60790        124       1028     585554   ELF Image Totals
     18786       1258      60790        124          0          0   ROM Totals

==============================================================================

    Total RO  Size (Code + RO Data)                79576 (  77.71kB)
    Total RW  Size (RW Data + ZI Data)              1152 (   1.13kB)
    Total ROM Size (Code + RO Data + RW Data)      79700 (  77.83kB)

==============================================================================

